Archive member included to satisfy reference by file (symbol)

c:/progra~1/raspbe~1/picosd~1.1/gcc-ar~1/bin/../lib/gcc/arm-none-eabi/10.3.1/thumb/v6-m/nofp\libgcc.a(_dvmd_tls.o)
                              CMakeFiles/hello_world.dir/C_/Program_Files/Raspberry_Pi/Pico_SDK_v1.5.1/pico-sdk/src/rp2_common/pico_divider/divider.S.obj (__aeabi_idiv0)
c:/progra~1/raspbe~1/picosd~1.1/gcc-ar~1/bin/../lib/gcc/arm-none-eabi/10.3.1/../../../../arm-none-eabi/lib/thumb/v6-m/nofp\libg.a(lib_a-calloc.o)
                              CMakeFiles/hello_world.dir/C_/Program_Files/Raspberry_Pi/Pico_SDK_v1.5.1/pico-sdk/src/rp2_common/pico_malloc/pico_malloc.c.obj (calloc)
c:/progra~1/raspbe~1/picosd~1.1/gcc-ar~1/bin/../lib/gcc/arm-none-eabi/10.3.1/../../../../arm-none-eabi/lib/thumb/v6-m/nofp\libg.a(lib_a-callocr.o)
                              c:/progra~1/raspbe~1/picosd~1.1/gcc-ar~1/bin/../lib/gcc/arm-none-eabi/10.3.1/../../../../arm-none-eabi/lib/thumb/v6-m/nofp\libg.a(lib_a-calloc.o) (_calloc_r)
c:/progra~1/raspbe~1/picosd~1.1/gcc-ar~1/bin/../lib/gcc/arm-none-eabi/10.3.1/../../../../arm-none-eabi/lib/thumb/v6-m/nofp\libg.a(lib_a-errno.o)
                              c:/progra~1/raspbe~1/picosd~1.1/gcc-ar~1/bin/../lib/gcc/arm-none-eabi/10.3.1/../../../../arm-none-eabi/lib/thumb/v6-m/nofp\libg.a(lib_a-callocr.o) (__errno)
c:/progra~1/raspbe~1/picosd~1.1/gcc-ar~1/bin/../lib/gcc/arm-none-eabi/10.3.1/../../../../arm-none-eabi/lib/thumb/v6-m/nofp\libg.a(lib_a-impure.o)
                              c:/progra~1/raspbe~1/picosd~1.1/gcc-ar~1/bin/../lib/gcc/arm-none-eabi/10.3.1/../../../../arm-none-eabi/lib/thumb/v6-m/nofp\libg.a(lib_a-calloc.o) (_impure_ptr)
c:/progra~1/raspbe~1/picosd~1.1/gcc-ar~1/bin/../lib/gcc/arm-none-eabi/10.3.1/../../../../arm-none-eabi/lib/thumb/v6-m/nofp\libg.a(lib_a-init.o)
                              c:/progra~1/raspbe~1/picosd~1.1/gcc-ar~1/bin/../lib/gcc/arm-none-eabi/10.3.1/../../../../arm-none-eabi/lib/thumb/v6-m/nofp/crt0.o (__libc_init_array)
c:/progra~1/raspbe~1/picosd~1.1/gcc-ar~1/bin/../lib/gcc/arm-none-eabi/10.3.1/../../../../arm-none-eabi/lib/thumb/v6-m/nofp\libg.a(lib_a-malloc.o)
                              CMakeFiles/hello_world.dir/C_/Program_Files/Raspberry_Pi/Pico_SDK_v1.5.1/pico-sdk/src/rp2_common/pico_malloc/pico_malloc.c.obj (malloc)
c:/progra~1/raspbe~1/picosd~1.1/gcc-ar~1/bin/../lib/gcc/arm-none-eabi/10.3.1/../../../../arm-none-eabi/lib/thumb/v6-m/nofp\libg.a(lib_a-mallocr.o)
                              c:/progra~1/raspbe~1/picosd~1.1/gcc-ar~1/bin/../lib/gcc/arm-none-eabi/10.3.1/../../../../arm-none-eabi/lib/thumb/v6-m/nofp\libg.a(lib_a-callocr.o) (_malloc_r)
c:/progra~1/raspbe~1/picosd~1.1/gcc-ar~1/bin/../lib/gcc/arm-none-eabi/10.3.1/../../../../arm-none-eabi/lib/thumb/v6-m/nofp\libg.a(lib_a-memcmp.o)
                              CMakeFiles/hello_world.dir/C_/Program_Files/Raspberry_Pi/Pico_SDK_v1.5.1/pico-sdk/lib/cyw43-driver/src/cyw43_ll.c.obj (memcmp)
c:/progra~1/raspbe~1/picosd~1.1/gcc-ar~1/bin/../lib/gcc/arm-none-eabi/10.3.1/../../../../arm-none-eabi/lib/thumb/v6-m/nofp\libg.a(lib_a-memmove.o)
                              CMakeFiles/hello_world.dir/C_/Program_Files/Raspberry_Pi/Pico_SDK_v1.5.1/pico-sdk/lib/cyw43-driver/src/cyw43_ll.c.obj (memmove)
c:/progra~1/raspbe~1/picosd~1.1/gcc-ar~1/bin/../lib/gcc/arm-none-eabi/10.3.1/../../../../arm-none-eabi/lib/thumb/v6-m/nofp\libg.a(lib_a-mlock.o)
                              c:/progra~1/raspbe~1/picosd~1.1/gcc-ar~1/bin/../lib/gcc/arm-none-eabi/10.3.1/../../../../arm-none-eabi/lib/thumb/v6-m/nofp\libg.a(lib_a-mallocr.o) (__malloc_lock)
c:/progra~1/raspbe~1/picosd~1.1/gcc-ar~1/bin/../lib/gcc/arm-none-eabi/10.3.1/../../../../arm-none-eabi/lib/thumb/v6-m/nofp\libg.a(lib_a-realloc.o)
                              CMakeFiles/hello_world.dir/C_/Program_Files/Raspberry_Pi/Pico_SDK_v1.5.1/pico-sdk/src/rp2_common/pico_malloc/pico_malloc.c.obj (realloc)
c:/progra~1/raspbe~1/picosd~1.1/gcc-ar~1/bin/../lib/gcc/arm-none-eabi/10.3.1/../../../../arm-none-eabi/lib/thumb/v6-m/nofp\libg.a(lib_a-reallocr.o)
                              c:/progra~1/raspbe~1/picosd~1.1/gcc-ar~1/bin/../lib/gcc/arm-none-eabi/10.3.1/../../../../arm-none-eabi/lib/thumb/v6-m/nofp\libg.a(lib_a-realloc.o) (_realloc_r)
c:/progra~1/raspbe~1/picosd~1.1/gcc-ar~1/bin/../lib/gcc/arm-none-eabi/10.3.1/../../../../arm-none-eabi/lib/thumb/v6-m/nofp\libg.a(lib_a-sbrkr.o)
                              c:/progra~1/raspbe~1/picosd~1.1/gcc-ar~1/bin/../lib/gcc/arm-none-eabi/10.3.1/../../../../arm-none-eabi/lib/thumb/v6-m/nofp\libg.a(lib_a-mallocr.o) (_sbrk_r)
c:/progra~1/raspbe~1/picosd~1.1/gcc-ar~1/bin/../lib/gcc/arm-none-eabi/10.3.1/../../../../arm-none-eabi/lib/thumb/v6-m/nofp\libg.a(lib_a-scanf.o)
                              CMakeFiles/hello_world.dir/hello_world.c.obj (scanf)
c:/progra~1/raspbe~1/picosd~1.1/gcc-ar~1/bin/../lib/gcc/arm-none-eabi/10.3.1/../../../../arm-none-eabi/lib/thumb/v6-m/nofp\libg.a(lib_a-strcmp.o)
[...]
Memory Configuration

Name             Origin             Length             Attributes
FLASH            0x10000000         0x00200000         xr
RAM              0x20000000         0x00040000         xrw
SCRATCH_X        0x20040000         0x00001000         xrw
SCRATCH_Y        0x20041000         0x00001000         xrw
*default*        0x00000000         0xffffffff

Linker script and memory map

LOAD c:/progra~1/raspbe~1/picosd~1.1/gcc-ar~1/bin/../lib/gcc/arm-none-eabi/10.3.1/thumb/v6-m/nofp/crti.o
LOAD c:/progra~1/raspbe~1/picosd~1.1/gcc-ar~1/bin/../lib/gcc/arm-none-eabi/10.3.1/thumb/v6-m/nofp/crtbegin.o
LOAD c:/progra~1/raspbe~1/picosd~1.1/gcc-ar~1/bin/../lib/gcc/arm-none-eabi/10.3.1/../../../../arm-none-eabi/lib/thumb/v6-m/nofp/crt0.o

.flash_begin    0x10000000        0x0
                0x10000000                __flash_binary_start = .

.boot2          0x10000000      0x100
                0x10000000                __boot2_start__ = .
 *(.boot2)
 .boot2         0x10000000      0x100 C:\Users\vincent\AppData\Local\Temp\ccEC5it9.o
                0x10000100                __boot2_end__ = .
                0x00000001                ASSERT (((__boot2_end__ - __boot2_start__) == 0x100), ERROR: Pico second stage bootloader must be 256 bytes in size)

.text           0x10000100     0xfe28
                0x10000100                __logical_binary_start = .
 *(.vectors)
 .vectors       0x10000100       0xd4 CMakeFiles/hello_world.dir/C_/Program_Files/Raspberry_Pi/Pico_SDK_v1.5.1/pico-sdk/src/rp2_common/pico_standard_link/crt0.S.obj
                0x10000100                __VECTOR_TABLE
                0x10000100                __vectors
                0x100001c0                isr_invalid
                0x100001c0                __default_isrs_start
                0x100001c2                isr_nmi
                0x100001c4                isr_hardfault
                0x100001c6                isr_svcall
                0x100001c8                isr_pendsv
                0x100001ca                isr_systick
                0x100001cc                isr_irq23
                0x100001cc                isr_irq18
                0x100001cc                isr_irq11
                0x100001cc                isr_irq28
                0x100001cc                isr_irq19
                0x100001cc                isr_irq0
                0x100001cc                isr_irq6
                0x100001cc                isr_irq5
                0x100001cc                isr_irq12
                0x100001cc                isr_irq22
                0x100001cc                isr_irq31
                0x100001cc                isr_irq17
                0x100001cc                isr_irq27
                0x100001cc                isr_irq30
                0x100001cc                isr_irq2
                0x100001cc                isr_irq10
                0x100001cc                isr_irq8
                0x100001cc                isr_irq24
                0x100001cc                isr_irq1
                0x100001cc                isr_irq7
                0x100001cc                isr_irq21
                0x100001cc                isr_irq20
                0x100001cc                isr_irq15
                0x100001cc                isr_irq25
                0x100001cc                isr_irq13
                0x100001cc                __unhandled_user_irq
                0x100001cc                isr_irq4
                0x100001cc                isr_irq16
                0x100001cc                isr_irq29
                0x100001cc                isr_irq26
                0x100001cc                __default_isrs_end
                0x100001cc                isr_irq3
                0x100001cc                isr_irq14
                0x100001cc                isr_irq9
                0x100001d2                unhandled_user_irq_num_in_r0
 *(.binary_info_header)
 .binary_info_header
                0x100001d4       0x14 CMakeFiles/hello_world.dir/C_/Program_Files/Raspberry_Pi/Pico_SDK_v1.5.1/pico-sdk/src/rp2_common/pico_standard_link/crt0.S.obj
                0x100001e8                __binary_info_header_end = .
 *(.reset)
 .reset         0x100001e8       0xa0 CMakeFiles/hello_world.dir/C_/Program_Files/Raspberry_Pi/Pico_SDK_v1.5.1/pico-sdk/src/rp2_common/pico_standard_link/crt0.S.obj
                0x100001e8                _entry_point
 .reset         0x10000288       0x30 CMakeFiles/hello_world.dir/C_/Program_Files/Raspberry_Pi/Pico_SDK_v1.5.1/pico-sdk/src/rp2_common/pico_standard_link/binary_info.c.obj
 *(.init)
 .init          0x100002b8        0x4 c:/progra~1/raspbe~1/picosd~1.1/gcc-ar~1/bin/../lib/gcc/arm-none-eabi/10.3.1/thumb/v6-m/nofp/crti.o
                0x100002b8                _init
 *(EXCLUDE_FILE(*libm.a: *libc.a:*lib_a-mem*.o *libgcc.a:) .text*)
 .text          0x100002bc       0x48 c:/progra~1/raspbe~1/picosd~1.1/gcc-ar~1/bin/../lib/gcc/arm-none-eabi/10.3.1/thumb/v6-m/nofp/crtbegin.o
 .text.main     0x10000304       0xac CMakeFiles/hello_world.dir/hello_world.c.obj
                0x10000304                main
 .text.gpio_set_function
                0x100003b0       0x30 CMakeFiles/hello_world.dir/C_/Program_Files/Raspberry_Pi/Pico_SDK_v1.5.1/pico-sdk/src/rp2_common/hardware_gpio/gpio.c.obj
                0x100003b0                gpio_set_function
 .text.gpio_set_pulls
                0x100003e0       0x34 CMakeFiles/hello_world.dir/C_/Program_Files/Raspberry_Pi/Pico_SDK_v1.5.1/pico-sdk/src/rp2_common/hardware_gpio/gpio.c.obj
                0x100003e0                gpio_set_pulls
 .text.gpio_set_input_hysteresis_enabled
                0x10000414       0x30 CMakeFiles/hello_world.dir/C_/Program_Files/Raspberry_Pi/Pico_SDK_v1.5.1/pico-sdk/src/rp2_common/hardware_gpio/gpio.c.obj
                0x10000414                gpio_set_input_hysteresis_enabled
 .text.gpio_add_raw_irq_handler_with_order_priority_masked
                0x10000444       0x40 CMakeFiles/hello_world.dir/C_/Program_Files/Raspberry_Pi/Pico_SDK_v1.5.1/pico-sdk/src/rp2_common/hardware_gpio/gpio.c.obj
                0x10000444                gpio_add_raw_irq_handler_with_order_priority_masked
 .text.gpio_remove_raw_irq_handler_masked
                0x10000484       0x48 CMakeFiles/hello_world.dir/C_/Program_Files/Raspberry_Pi/Pico_SDK_v1.5.1/pico-sdk/src/rp2_common/hardware_gpio/gpio.c.obj
                0x10000484                gpio_remove_raw_irq_handler_masked
 .text.gpio_acknowledge_irq
                0x100004cc       0x18 CMakeFiles/hello_world.dir/C_/Program_Files/Raspberry_Pi/Pico_SDK_v1.5.1/pico-sdk/src/rp2_common/hardware_gpio/gpio.c.obj
                0x100004cc                gpio_acknowledge_irq
 .text._gpio_set_irq_enabled
                0x100004e4       0x34 CMakeFiles/hello_world.dir/C_/Program_Files/Raspberry_Pi/Pico_SDK_v1.5.1/pico-sdk/src/rp2_common/hardware_gpio/gpio.c.obj
 .text.gpio_set_irq_enabled
                0x10000518       0x20 CMakeFiles/hello_world.dir/C_/Program_Files/Raspberry_Pi/Pico_SDK_v1.5.1/pico-sdk/src/rp2_common/hardware_gpio/gpio.c.obj
                0x10000518                gpio_set_irq_enabled
 .text.gpio_init
                0x10000538       0x16 CMakeFiles/hello_world.dir/C_/Program_Files/Raspberry_Pi/Pico_SDK_v1.5.1/pico-sdk/src/rp2_common/hardware_gpio/gpio.c.obj
                0x10000538                gpio_init
 *fill*         0x1000054e        0x2 
 .text.running_on_fpga
                0x10000550       0x14 CMakeFiles/hello_world.dir/C_/Program_Files/Raspberry_Pi/Pico_SDK_v1.5.1/pico-sdk/src/rp2_common/pico_platform/platform.c.obj
                0x10000550                running_on_fpga
 .text.hw_claim_lock
                0x10000564       0x18 CMakeFiles/hello_world.dir/C_/Program_Files/Raspberry_Pi/Pico_SDK_v1.5.1/pico-sdk/src/rp2_common/hardware_claim/claim.c.obj
                0x10000564                hw_claim_lock
 .text.hw_claim_unlock
                0x1000057c       0x14 CMakeFiles/hello_world.dir/C_/Program_Files/Raspberry_Pi/Pico_SDK_v1.5.1/pico-sdk/src/rp2_common/hardware_claim/claim.c.obj
                0x1000057c                hw_claim_unlock
 .text.hw_claim_or_assert
                0x10000590       0x32 CMakeFiles/hello_world.dir/C_/Program_Files/Raspberry_Pi/Pico_SDK_v1.5.1/pico-sdk/src/rp2_common/hardware_claim/claim.c.obj
                0x10000590                hw_claim_or_assert
 .text.hw_claim_unused_from_range
                0x100005c2       0x50 CMakeFiles/hello_world.dir/C_/Program_Files/Raspberry_Pi/Pico_SDK_v1.5.1/pico-sdk/src/rp2_common/hardware_claim/claim.c.obj
                0x100005c2                hw_claim_unused_from_range
 *fill*         0x10000612        0x2 
 .text.hw_claim_clear
                0x10000614       0x40 CMakeFiles/hello_world.dir/C_/Program_Files/Raspberry_Pi/Pico_SDK_v1.5.1/pico-sdk/src/rp2_common/hardware_claim/claim.c.obj
                0x10000614                hw_claim_clear
 .text.spin_locks_reset
                0x10000654       0x20 CMakeFiles/hello_world.dir/C_/Program_Files/Raspberry_Pi/Pico_SDK_v1.5.1/pico-sdk/src/rp2_common/hardware_sync/sync.c.obj
                0x10000654                spin_locks_reset
 .text.next_striped_spin_lock_num
                0x10000674       0x1c CMakeFiles/hello_world.dir/C_/Program_Files/Raspberry_Pi/Pico_SDK_v1.5.1/pico-sdk/src/rp2_common/hardware_sync/sync.c.obj
                0x10000674                next_striped_spin_lock_num
 .text.spin_lock_claim_unused
                0x10000690       0x20 CMakeFiles/hello_world.dir/C_/Program_Files/Raspberry_Pi/Pico_SDK_v1.5.1/pico-sdk/src/rp2_common/hardware_sync/sync.c.obj
                0x10000690                spin_lock_claim_unused
 .text.set_raw_irq_handler_and_unlock
                0x100006b0       0x28 CMakeFiles/hello_world.dir/C_/Program_Files/Raspberry_Pi/Pico_SDK_v1.5.1/pico-sdk/src/rp2_common/hardware_irq/irq.c.obj
 .text.get_user_irq_claim_index
                0x100006d8        0x6 CMakeFiles/hello_world.dir/C_/Program_Files/Raspberry_Pi/Pico_SDK_v1.5.1/pico-sdk/src/rp2_common/hardware_irq/irq.c.obj
 *fill*         0x100006de        0x2 
 .text.make_branch
                0x100006e0       0x48 CMakeFiles/hello_world.dir/C_/Program_Files/Raspberry_Pi/Pico_SDK_v1.5.1/pico-sdk/src/rp2_common/hardware_irq/irq.c.obj
 .text.insert_branch_and_link
                0x10000728       0x40 CMakeFiles/hello_world.dir/C_/Program_Files/Raspberry_Pi/Pico_SDK_v1.5.1/pico-sdk/src/rp2_common/hardware_irq/irq.c.obj
 .text.irq_is_enabled
                0x10000768       0x18 CMakeFiles/hello_world.dir/C_/Program_Files/Raspberry_Pi/Pico_SDK_v1.5.1/pico-sdk/src/rp2_common/hardware_irq/irq.c.obj
                0x10000768                irq_is_enabled
 .text.irq_set_mask_enabled
                0x10000780       0x20 CMakeFiles/hello_world.dir/C_/Program_Files/Raspberry_Pi/Pico_SDK_v1.5.1/pico-sdk/src/rp2_common/hardware_irq/irq.c.obj
                0x10000780                irq_set_mask_enabled
 .text.irq_set_enabled
                0x100007a0        0xe CMakeFiles/hello_world.dir/C_/Program_Files/Raspberry_Pi/Pico_SDK_v1.5.1/pico-sdk/src/rp2_common/hardware_irq/irq.c.obj
                0x100007a0                irq_set_enabled
 *fill*         0x100007ae        0x2 
 .text.irq_set_pending
                0x100007b0       0x10 CMakeFiles/hello_world.dir/C_/Program_Files/Raspberry_Pi/Pico_SDK_v1.5.1/pico-sdk/src/rp2_common/hardware_irq/irq.c.obj
                0x100007b0                irq_set_pending
 .text.irq_get_vtable_handler
                0x100007c0       0x10 CMakeFiles/hello_world.dir/C_/Program_Files/Raspberry_Pi/Pico_SDK_v1.5.1/pico-sdk/src/rp2_common/hardware_irq/irq.c.obj
                0x100007c0                irq_get_vtable_handler
 .text.irq_has_shared_handler
                0x100007d0       0x24 CMakeFiles/hello_world.dir/C_/Program_Files/Raspberry_Pi/Pico_SDK_v1.5.1/pico-sdk/src/rp2_common/hardware_irq/irq.c.obj
                0x100007d0                irq_has_shared_handler
 .text.irq_set_exclusive_handler
                0x100007f4       0x54 CMakeFiles/hello_world.dir/C_/Program_Files/Raspberry_Pi/Pico_SDK_v1.5.1/pico-sdk/src/rp2_common/hardware_irq/irq.c.obj
                0x100007f4                irq_set_exclusive_handler
 .text.irq_add_shared_handler
                0x10000848      0x234 CMakeFiles/hello_world.dir/C_/Program_Files/Raspberry_Pi/Pico_SDK_v1.5.1/pico-sdk/src/rp2_common/hardware_irq/irq.c.obj
                0x10000848                irq_add_shared_handler
 .text.irq_remove_handler
                0x10000a7c      0x1ac CMakeFiles/hello_world.dir/C_/Program_Files/Raspberry_Pi/Pico_SDK_v1.5.1/pico-sdk/src/rp2_common/hardware_irq/irq.c.obj
                0x10000a7c                irq_remove_handler
 .text.irq_set_priority
                0x10000c28       0x28 CMakeFiles/hello_world.dir/C_/Program_Files/Raspberry_Pi/Pico_SDK_v1.5.1/pico-sdk/src/rp2_common/hardware_irq/irq.c.obj
                0x10000c28                irq_set_priority
 .text.irq_add_tail_to_free_list
                0x10000c50       0xf0 CMakeFiles/hello_world.dir/C_/Program_Files/Raspberry_Pi/Pico_SDK_v1.5.1/pico-sdk/src/rp2_common/hardware_irq/irq.c.obj
                0x10000c50                irq_add_tail_to_free_list
 .text.irq_init_priorities
                0x10000d40       0x1c CMakeFiles/hello_world.dir/C_/Program_Files/Raspberry_Pi/Pico_SDK_v1.5.1/pico-sdk/src/rp2_common/hardware_irq/irq.c.obj
                0x10000d40                irq_init_priorities
 .text.user_irq_unclaim
                0x10000d5c       0x14 CMakeFiles/hello_world.dir/C_/Program_Files/Raspberry_Pi/Pico_SDK_v1.5.1/pico-sdk/src/rp2_common/hardware_irq/irq.c.obj
                0x10000d5c                user_irq_unclaim
 .text.user_irq_claim_unused
                0x10000d70       0x28 CMakeFiles/hello_world.dir/C_/Program_Files/Raspberry_Pi/Pico_SDK_v1.5.1/pico-sdk/src/rp2_common/hardware_irq/irq.c.obj
                0x10000d70                user_irq_claim_unused
 .text.sem_init
                0x10000d98       0x1e CMakeFiles/hello_world.dir/C_/Program_Files/Raspberry_Pi/Pico_SDK_v1.5.1/pico-sdk/src/common/pico_sync/sem.c.obj
                0x10000d98                sem_init
 *fill*         0x10000db6        0x2 
 .text.lock_init
                0x10000db8       0x10 CMakeFiles/hello_world.dir/C_/Program_Files/Raspberry_Pi/Pico_SDK_v1.5.1/pico-sdk/src/common/pico_sync/lock_core.c.obj
                0x10000db8                lock_init
 .text.mutex_init
                0x10000dc8       0x1a CMakeFiles/hello_world.dir/C_/Program_Files/Raspberry_Pi/Pico_SDK_v1.5.1/pico-sdk/src/common/pico_sync/mutex.c.obj
                0x10000dc8                mutex_init
 .text.recursive_mutex_init
                0x10000de2       0x1e CMakeFiles/hello_world.dir/C_/Program_Files/Raspberry_Pi/Pico_SDK_v1.5.1/pico-sdk/src/common/pico_sync/mutex.c.obj
                0x10000de2                recursive_mutex_init
 .text.critical_section_init_with_lock_num
                0x10000e00       0x14 CMakeFiles/hello_world.dir/C_/Program_Files/Raspberry_Pi/Pico_SDK_v1.5.1/pico-sdk/src/common/pico_sync/critical_section.c.obj
                0x10000e00                critical_section_init_with_lock_num
 .text.critical_section_init
                0x10000e14       0x14 CMakeFiles/hello_world.dir/C_/Program_Files/Raspberry_Pi/Pico_SDK_v1.5.1/pico-sdk/src/common/pico_sync/critical_section.c.obj
                0x10000e14                critical_section_init
 .text.alarm_pool_post_alloc_init
                0x10000e28       0x40 CMakeFiles/hello_world.dir/C_/Program_Files/Raspberry_Pi/Pico_SDK_v1.5.1/pico-sdk/src/common/pico_time/time.c.obj
 .text.sleep_until_callback
                0x10000e68       0x30 CMakeFiles/hello_world.dir/C_/Program_Files/Raspberry_Pi/Pico_SDK_v1.5.1/pico-sdk/src/common/pico_time/time.c.obj
 .text.timer_pool_entry_comparator
                0x10000e98       0x7c CMakeFiles/hello_world.dir/C_/Program_Files/Raspberry_Pi/Pico_SDK_v1.5.1/pico-sdk/src/common/pico_time/time.c.obj
                0x10000e98                timer_pool_entry_comparator
 .text.ph_add_child_node
                0x10000f14       0xa4 CMakeFiles/hello_world.dir/C_/Program_Files/Raspberry_Pi/Pico_SDK_v1.5.1/pico-sdk/src/common/pico_time/time.c.obj
 .text.ph_merge_nodes
                0x10000fb8       0x3e CMakeFiles/hello_world.dir/C_/Program_Files/Raspberry_Pi/Pico_SDK_v1.5.1/pico-sdk/src/common/pico_time/time.c.obj
 *fill*         0x10000ff6        0x2 
 .text.add_alarm_under_lock
                0x10000ff8      0x174 CMakeFiles/hello_world.dir/C_/Program_Files/Raspberry_Pi/Pico_SDK_v1.5.1/pico-sdk/src/common/pico_time/time.c.obj
 .text.alarm_pool_alarm_callback
                0x1000116c      0x33c CMakeFiles/hello_world.dir/C_/Program_Files/Raspberry_Pi/Pico_SDK_v1.5.1/pico-sdk/src/common/pico_time/time.c.obj
 .text.alarm_pool_init_default
                0x100014a8       0x40 CMakeFiles/hello_world.dir/C_/Program_Files/Raspberry_Pi/Pico_SDK_v1.5.1/pico-sdk/src/common/pico_time/time.c.obj
                0x100014a8                alarm_pool_init_default
 .text.alarm_pool_get_default
                0x100014e8       0x2c CMakeFiles/hello_world.dir/C_/Program_Files/Raspberry_Pi/Pico_SDK_v1.5.1/pico-sdk/src/common/pico_time/time.c.obj
                0x100014e8                alarm_pool_get_default
 .text.alarm_pool_add_alarm_at
                0x10001514      0x168 CMakeFiles/hello_world.dir/C_/Program_Files/Raspberry_Pi/Pico_SDK_v1.5.1/pico-sdk/src/common/pico_time/time.c.obj
                0x10001514                alarm_pool_add_alarm_at
 .text.alarm_pool_cancel_alarm
                0x1000167c       0xf8 CMakeFiles/hello_world.dir/C_/Program_Files/Raspberry_Pi/Pico_SDK_v1.5.1/pico-sdk/src/common/pico_time/time.c.obj
                0x1000167c                alarm_pool_cancel_alarm
 .text.alarm_pool_core_num
                0x10001774        0x4 CMakeFiles/hello_world.dir/C_/Program_Files/Raspberry_Pi/Pico_SDK_v1.5.1/pico-sdk/src/common/pico_time/time.c.obj
                0x10001774                alarm_pool_core_num
 .text.sleep_until
                0x10001778       0xfc CMakeFiles/hello_world.dir/C_/Program_Files/Raspberry_Pi/Pico_SDK_v1.5.1/pico-sdk/src/common/pico_time/time.c.obj
                0x10001778                sleep_until
 .text.sleep_us
                0x10001874       0x58 CMakeFiles/hello_world.dir/C_/Program_Files/Raspberry_Pi/Pico_SDK_v1.5.1/pico-sdk/src/common/pico_time/time.c.obj
                0x10001874                sleep_us
 .text.sleep_ms
                0x100018cc       0x14 CMakeFiles/hello_world.dir/C_/Program_Files/Raspberry_Pi/Pico_SDK_v1.5.1/pico-sdk/src/common/pico_time/time.c.obj
                0x100018cc                sleep_ms
 .text.best_effort_wfe_or_timeout
                0x100018e0       0xac CMakeFiles/hello_world.dir/C_/Program_Files/Raspberry_Pi/Pico_SDK_v1.5.1/pico-sdk/src/common/pico_time/time.c.obj
                0x100018e0                best_effort_wfe_or_timeout
 .text.hardware_alarm_irq_handler
                0x1000198c       0x90 CMakeFiles/hello_world.dir/C_/Program_Files/Raspberry_Pi/Pico_SDK_v1.5.1/pico-sdk/src/rp2_common/hardware_timer/timer.c.obj
 .text.hardware_alarm_claim
                0x10001a1c       0x18 CMakeFiles/hello_world.dir/C_/Program_Files/Raspberry_Pi/Pico_SDK_v1.5.1/pico-sdk/src/rp2_common/hardware_timer/timer.c.obj
                0x10001a1c                hardware_alarm_claim
 .text.time_us_64
                0x10001a34       0x18 CMakeFiles/hello_world.dir/C_/Program_Files/Raspberry_Pi/Pico_SDK_v1.5.1/pico-sdk/src/rp2_common/hardware_timer/timer.c.obj
                0x10001a34                time_us_64
 .text.busy_wait_until
                0x10001a4c       0x28 CMakeFiles/hello_world.dir/C_/Program_Files/Raspberry_Pi/Pico_SDK_v1.5.1/pico-sdk/src/rp2_common/hardware_timer/timer.c.obj
                0x10001a4c                busy_wait_until
 .text.busy_wait_us
                0x10001a74       0x48 CMakeFiles/hello_world.dir/C_/Program_Files/Raspberry_Pi/Pico_SDK_v1.5.1/pico-sdk/src/rp2_common/hardware_timer/timer.c.obj
                0x10001a74                busy_wait_us
 .text.hardware_alarm_set_callback
                0x10001abc       0x90 CMakeFiles/hello_world.dir/C_/Program_Files/Raspberry_Pi/Pico_SDK_v1.5.1/pico-sdk/src/rp2_common/hardware_timer/timer.c.obj
                0x10001abc                hardware_alarm_set_callback
 .text.hardware_alarm_set_target
                0x10001b4c       0xe8 CMakeFiles/hello_world.dir/C_/Program_Files/Raspberry_Pi/Pico_SDK_v1.5.1/pico-sdk/src/rp2_common/hardware_timer/timer.c.obj
                0x10001b4c                hardware_alarm_set_target
 .text.hardware_alarm_cancel
                0x10001c34       0x40 CMakeFiles/hello_world.dir/C_/Program_Files/Raspberry_Pi/Pico_SDK_v1.5.1/pico-sdk/src/rp2_common/hardware_timer/timer.c.obj
                0x10001c34                hardware_alarm_cancel
 .text.ph_add_child_node
                0x10001c74       0xa4 CMakeFiles/hello_world.dir/C_/Program_Files/Raspberry_Pi/Pico_SDK_v1.5.1/pico-sdk/src/common/pico_util/pheap.c.obj
 .text.ph_merge_nodes
                0x10001d18       0x3e CMakeFiles/hello_world.dir/C_/Program_Files/Raspberry_Pi/Pico_SDK_v1.5.1/pico-sdk/src/common/pico_util/pheap.c.obj
 *fill*         0x10001d56        0x2 
 .text.ph_clear
                0x10001d58       0x70 CMakeFiles/hello_world.dir/C_/Program_Files/Raspberry_Pi/Pico_SDK_v1.5.1/pico-sdk/src/common/pico_util/pheap.c.obj
                0x10001d58                ph_clear
 .text.ph_post_alloc_init
                0x10001dc8        0xe CMakeFiles/hello_world.dir/C_/Program_Files/Raspberry_Pi/Pico_SDK_v1.5.1/pico-sdk/src/common/pico_util/pheap.c.obj
                0x10001dc8                ph_post_alloc_init
 *fill*         0x10001dd6        0x2 
 .text.ph_merge_two_pass
                0x10001dd8       0xa8 CMakeFiles/hello_world.dir/C_/Program_Files/Raspberry_Pi/Pico_SDK_v1.5.1/pico-sdk/src/common/pico_util/pheap.c.obj
                0x10001dd8                ph_merge_two_pass
 .text.ph_remove_any_head
                0x10001e80      0x128 CMakeFiles/hello_world.dir/C_/Program_Files/Raspberry_Pi/Pico_SDK_v1.5.1/pico-sdk/src/common/pico_util/pheap.c.obj
 .text.ph_remove_head
                0x10001fa8       0x14 CMakeFiles/hello_world.dir/C_/Program_Files/Raspberry_Pi/Pico_SDK_v1.5.1/pico-sdk/src/common/pico_util/pheap.c.obj
                0x10001fa8                ph_remove_head
 .text.ph_remove_and_free_node
                0x10001fbc       0xf8 CMakeFiles/hello_world.dir/C_/Program_Files/Raspberry_Pi/Pico_SDK_v1.5.1/pico-sdk/src/common/pico_util/pheap.c.obj
                0x10001fbc                ph_remove_and_free_node
 .text.clock_configure
                0x100020b4      0x108 CMakeFiles/hello_world.dir/C_/Program_Files/Raspberry_Pi/Pico_SDK_v1.5.1/pico-sdk/src/rp2_common/hardware_clocks/clocks.c.obj
                0x100020b4                clock_configure
 .text.clocks_init
                0x100021bc      0x100 CMakeFiles/hello_world.dir/C_/Program_Files/Raspberry_Pi/Pico_SDK_v1.5.1/pico-sdk/src/rp2_common/hardware_clocks/clocks.c.obj
                0x100021bc                clocks_init
 .text.clock_get_hz
                0x100022bc        0xc CMakeFiles/hello_world.dir/C_/Program_Files/Raspberry_Pi/Pico_SDK_v1.5.1/pico-sdk/src/rp2_common/hardware_clocks/clocks.c.obj
                0x100022bc                clock_get_hz
 .text.pll_init
                0x100022c8      0x120 CMakeFiles/hello_world.dir/C_/Program_Files/Raspberry_Pi/Pico_SDK_v1.5.1/pico-sdk/src/rp2_common/hardware_pll/pll.c.obj
                0x100022c8                pll_init
 .text.watchdog_start_tick
                0x100023e8       0x10 CMakeFiles/hello_world.dir/C_/Program_Files/Raspberry_Pi/Pico_SDK_v1.5.1/pico-sdk/src/rp2_common/hardware_watchdog/watchdog.c.obj
                0x100023e8                watchdog_start_tick
 .text.watchdog_update
                0x100023f8       0x14 CMakeFiles/hello_world.dir/C_/Program_Files/Raspberry_Pi/Pico_SDK_v1.5.1/pico-sdk/src/rp2_common/hardware_watchdog/watchdog.c.obj
                0x100023f8                watchdog_update
 .text._watchdog_enable
                0x1000240c       0x78 CMakeFiles/hello_world.dir/C_/Program_Files/Raspberry_Pi/Pico_SDK_v1.5.1/pico-sdk/src/rp2_common/hardware_watchdog/watchdog.c.obj
                0x1000240c                _watchdog_enable
 .text.watchdog_reboot
                0x10002484       0x48 CMakeFiles/hello_world.dir/C_/Program_Files/Raspberry_Pi/Pico_SDK_v1.5.1/pico-sdk/src/rp2_common/hardware_watchdog/watchdog.c.obj
                0x10002484                watchdog_reboot
 .text.xosc_init
                0x100024cc       0x28 CMakeFiles/hello_world.dir/C_/Program_Files/Raspberry_Pi/Pico_SDK_v1.5.1/pico-sdk/src/rp2_common/hardware_xosc/xosc.c.obj
                0x100024cc                xosc_init
 .text._exit    0x100024f4        0x4 CMakeFiles/hello_world.dir/C_/Program_Files/Raspberry_Pi/Pico_SDK_v1.5.1/pico-sdk/src/rp2_common/pico_runtime/runtime.c.obj
                0x100024f4                _exit
 .text._sbrk    0x100024f8       0x38 CMakeFiles/hello_world.dir/C_/Program_Files/Raspberry_Pi/Pico_SDK_v1.5.1/pico-sdk/src/rp2_common/pico_runtime/runtime.c.obj
                0x100024f8                _sbrk
 .text.exit     0x10002530        0x6 CMakeFiles/hello_world.dir/C_/Program_Files/Raspberry_Pi/Pico_SDK_v1.5.1/pico-sdk/src/rp2_common/pico_runtime/runtime.c.obj
                0x10002530                exit
 *fill*         0x10002536        0x2 
 .text.__assert_func
                0x10002538       0x3c CMakeFiles/hello_world.dir/C_/Program_Files/Raspberry_Pi/Pico_SDK_v1.5.1/pico-sdk/src/rp2_common/pico_runtime/runtime.c.obj
                0x10002538                __assert_func
 .text.runtime_init
                0x10002574       0xf8 CMakeFiles/hello_world.dir/C_/Program_Files/Raspberry_Pi/Pico_SDK_v1.5.1/pico-sdk/src/rp2_common/pico_runtime/runtime.c.obj
                0x10002574                runtime_init
 .text.panic    0x1000266c       0x30 CMakeFiles/hello_world.dir/C_/Program_Files/Raspberry_Pi/Pico_SDK_v1.5.1/pico-sdk/src/rp2_common/pico_runtime/runtime.c.obj
                0x1000266c                panic
 .text.panic_unsupported
                0x1000269c        0xc CMakeFiles/hello_world.dir/C_/Program_Files/Raspberry_Pi/Pico_SDK_v1.5.1/pico-sdk/src/rp2_common/pico_runtime/runtime.c.obj
                0x1000269c                panic_unsupported
 .text._out_buffer
                0x100026a8        0x8 CMakeFiles/hello_world.dir/C_/Program_Files/Raspberry_Pi/Pico_SDK_v1.5.1/pico-sdk/src/rp2_common/pico_printf/printf.c.obj
 .text._out_null
                0x100026b0        0x2 CMakeFiles/hello_world.dir/C_/Program_Files/Raspberry_Pi/Pico_SDK_v1.5.1/pico-sdk/src/rp2_common/pico_printf/printf.c.obj
 .text._out_fct
                0x100026b2        0xe CMakeFiles/hello_world.dir/C_/Program_Files/Raspberry_Pi/Pico_SDK_v1.5.1/pico-sdk/src/rp2_common/pico_printf/printf.c.obj
 .text._atoi    0x100026c0       0x24 CMakeFiles/hello_world.dir/C_/Program_Files/Raspberry_Pi/Pico_SDK_v1.5.1/pico-sdk/src/rp2_common/pico_printf/printf.c.obj
 .text._out_rev
                0x100026e4       0xae CMakeFiles/hello_world.dir/C_/Program_Files/Raspberry_Pi/Pico_SDK_v1.5.1/pico-sdk/src/rp2_common/pico_printf/printf.c.obj
 .text._ntoa_format
                0x10002792      0x112 CMakeFiles/hello_world.dir/C_/Program_Files/Raspberry_Pi/Pico_SDK_v1.5.1/pico-sdk/src/rp2_common/pico_printf/printf.c.obj
 .text._ntoa_long
                0x100028a4       0xbc CMakeFiles/hello_world.dir/C_/Program_Files/Raspberry_Pi/Pico_SDK_v1.5.1/pico-sdk/src/rp2_common/pico_printf/printf.c.obj
 .text._ntoa_long_long
                0x10002960       0xe2 CMakeFiles/hello_world.dir/C_/Program_Files/Raspberry_Pi/Pico_SDK_v1.5.1/pico-sdk/src/rp2_common/pico_printf/printf.c.obj
 *fill*         0x10002a42        0x2 
 .text._etoa    0x10002a44      0x414 CMakeFiles/hello_world.dir/C_/Program_Files/Raspberry_Pi/Pico_SDK_v1.5.1/pico-sdk/src/rp2_common/pico_printf/printf.c.obj
 .text._ftoa    0x10002e58      0x354 CMakeFiles/hello_world.dir/C_/Program_Files/Raspberry_Pi/Pico_SDK_v1.5.1/pico-sdk/src/rp2_common/pico_printf/printf.c.obj
 .text._vsnprintf
                0x100031ac      0x624 CMakeFiles/hello_world.dir/C_/Program_Files/Raspberry_Pi/Pico_SDK_v1.5.1/pico-sdk/src/rp2_common/pico_printf/printf.c.obj
 .text.__wrap_sprintf
                0x100037d0       0x28 CMakeFiles/hello_world.dir/C_/Program_Files/Raspberry_Pi/Pico_SDK_v1.5.1/pico-sdk/src/rp2_common/pico_printf/printf.c.obj
                0x100037d0                __wrap_sprintf
 .text.vfctprintf
                0x100037f8       0x20 CMakeFiles/hello_world.dir/C_/Program_Files/Raspberry_Pi/Pico_SDK_v1.5.1/pico-sdk/src/rp2_common/pico_printf/printf.c.obj
                0x100037f8                vfctprintf
 .text          0x10003818       0x10 CMakeFiles/hello_world.dir/C_/Program_Files/Raspberry_Pi/Pico_SDK_v1.5.1/pico-sdk/src/rp2_common/pico_bit_ops/bit_ops_aeabi.S.obj
 .text.ctzsi    0x10003828        0xc CMakeFiles/hello_world.dir/C_/Program_Files/Raspberry_Pi/Pico_SDK_v1.5.1/pico-sdk/src/rp2_common/pico_bit_ops/bit_ops_aeabi.S.obj
                0x10003828                __wrap___ctzsi2
 .text.rom_func_lookup
                0x10003834       0x10 CMakeFiles/hello_world.dir/C_/Program_Files/Raspberry_Pi/Pico_SDK_v1.5.1/pico-sdk/src/rp2_common/pico_bootrom/bootrom.c.obj
                0x10003834                rom_func_lookup
 .text.rom_data_lookup
                0x10003844       0x10 CMakeFiles/hello_world.dir/C_/Program_Files/Raspberry_Pi/Pico_SDK_v1.5.1/pico-sdk/src/rp2_common/pico_bootrom/bootrom.c.obj
                0x10003844                rom_data_lookup
 .text.rom_funcs_lookup
                0x10003854       0x36 CMakeFiles/hello_world.dir/C_/Program_Files/Raspberry_Pi/Pico_SDK_v1.5.1/pico-sdk/src/rp2_common/pico_bootrom/bootrom.c.obj
                0x10003854                rom_funcs_lookup
 *fill*         0x1000388a        0x2 
 .text.__wrap___aeabi_idiv
                0x1000388c       0x50 CMakeFiles/hello_world.dir/C_/Program_Files/Raspberry_Pi/Pico_SDK_v1.5.1/pico-sdk/src/rp2_common/pico_divider/divider.S.obj
                0x1000388c                __wrap___aeabi_idivmod
                0x1000388c                divmod_s32s32
                0x1000388c                div_s32s32
                0x1000388c                __wrap___aeabi_idiv
                0x10003894                divmod_s32s32_unsafe
                0x100038c0                divmod_s32s32_savestate
 .text.__wrap___aeabi_uidiv
                0x100038dc       0x4c CMakeFiles/hello_world.dir/C_/Program_Files/Raspberry_Pi/Pico_SDK_v1.5.1/pico-sdk/src/rp2_common/pico_divider/divider.S.obj
                0x100038dc                __wrap___aeabi_uidiv
                0x100038dc                __wrap___aeabi_uidivmod
                0x100038dc                div_u32u32
                0x100038dc                divmod_u32u32
                0x100038e4                divmod_u32u32_unsafe
                0x1000390c                divmod_u32u32_savestate
 .text.__wrap___aeabi_ldiv
                0x10003928      0x424 CMakeFiles/hello_world.dir/C_/Program_Files/Raspberry_Pi/Pico_SDK_v1.5.1/pico-sdk/src/rp2_common/pico_divider/divider.S.obj
                0x10003928                div_s64s64
                0x10003928                divmod_s64s64
                0x10003928                __wrap___aeabi_ldivmod
                0x10003958                divmod_u64u64
                0x10003958                div_u64u64
                0x10003958                __wrap___aeabi_uldivmod
                0x10003968                divmod_u64u64_savestate
                0x10003988                divmod_s64s64_unsafe
                0x10003a10                divmod_u64u64_unsafe
 .text.__wrap___aeabi_darithmetic
                0x10003d4c       0x60 CMakeFiles/hello_world.dir/C_/Program_Files/Raspberry_Pi/Pico_SDK_v1.5.1/pico-sdk/src/rp2_common/pico_double/double_aeabi.S.obj
                0x10003d4c                __wrap___aeabi_drsub
                0x10003d52                __wrap___aeabi_dsub
                0x10003d5c                __wrap___aeabi_dadd
                0x10003d66                __wrap___aeabi_ddiv
                0x10003d9a                __wrap___aeabi_dmul
 .text.__wrap___aeabi_cdcmple
                0x10003dac       0x6c CMakeFiles/hello_world.dir/C_/Program_Files/Raspberry_Pi/Pico_SDK_v1.5.1/pico-sdk/src/rp2_common/pico_double/double_aeabi.S.obj
                0x10003dac                __wrap___aeabi_cdrcmple
                0x10003dbc                __wrap___aeabi_cdcmpeq
                0x10003dbc                __wrap___aeabi_cdcmple
 .text.__wrap___aeabi_dcmpeq
                0x10003e18       0x10 CMakeFiles/hello_world.dir/C_/Program_Files/Raspberry_Pi/Pico_SDK_v1.5.1/pico-sdk/src/rp2_common/pico_double/double_aeabi.S.obj
                0x10003e18                __wrap___aeabi_dcmpeq
 .text.__wrap___aeabi_dcmplt
                0x10003e28        0xc CMakeFiles/hello_world.dir/C_/Program_Files/Raspberry_Pi/Pico_SDK_v1.5.1/pico-sdk/src/rp2_common/pico_double/double_aeabi.S.obj
                0x10003e28                __wrap___aeabi_dcmplt
 .text.__wrap___aeabi_dcmple
                0x10003e34       0x10 CMakeFiles/hello_world.dir/C_/Program_Files/Raspberry_Pi/Pico_SDK_v1.5.1/pico-sdk/src/rp2_common/pico_double/double_aeabi.S.obj
                0x10003e34                __wrap___aeabi_dcmple
 .text.__wrap___aeabi_dcmpge
                0x10003e44       0x10 CMakeFiles/hello_world.dir/C_/Program_Files/Raspberry_Pi/Pico_SDK_v1.5.1/pico-sdk/src/rp2_common/pico_double/double_aeabi.S.obj
                0x10003e44                __wrap___aeabi_dcmpge
 .text.__wrap___aeabi_dcmpgt
                0x10003e54        0xa CMakeFiles/hello_world.dir/C_/Program_Files/Raspberry_Pi/Pico_SDK_v1.5.1/pico-sdk/src/rp2_common/pico_double/double_aeabi.S.obj
                0x10003e54                __wrap___aeabi_dcmpgt
 .text.__wrap___aeabi_dcmpun
                0x10003e5e       0x1c CMakeFiles/hello_world.dir/C_/Program_Files/Raspberry_Pi/Pico_SDK_v1.5.1/pico-sdk/src/rp2_common/pico_double/double_aeabi.S.obj
                0x10003e5e                __wrap___aeabi_dcmpun
 *fill*         0x10003e7a        0x2 
 .text.__wrap___aeabi_i2d
                0x10003e7c       0x38 CMakeFiles/hello_world.dir/C_/Program_Files/Raspberry_Pi/Pico_SDK_v1.5.1/pico-sdk/src/rp2_common/pico_double/double_aeabi.S.obj
                0x10003e7c                __wrap___aeabi_ui2d
                0x10003e84                __wrap___aeabi_i2d
 .text.__wrap___aeabi_d2iz
                0x10003eb4       0x48 CMakeFiles/hello_world.dir/C_/Program_Files/Raspberry_Pi/Pico_SDK_v1.5.1/pico-sdk/src/rp2_common/pico_double/double_aeabi.S.obj
                0x10003eb4                double2int_z
                0x10003eb4                __wrap___aeabi_d2iz
 .text.__wrap___aeabi_d2uiz
                0x10003efc       0x10 CMakeFiles/hello_world.dir/C_/Program_Files/Raspberry_Pi/Pico_SDK_v1.5.1/pico-sdk/src/rp2_common/pico_double/double_aeabi.S.obj
                0x10003efc                __wrap___aeabi_d2uiz
                0x10003efc                double2uint
 .text.__wrap___aeabi_l2d
                0x10003f0c       0x10 CMakeFiles/hello_world.dir/C_/Program_Files/Raspberry_Pi/Pico_SDK_v1.5.1/pico-sdk/src/rp2_common/pico_double/double_aeabi.S.obj
                0x10003f0c                __wrap___aeabi_l2d
 .text.__wrap___aeabi_d2lz
                0x10003f1c       0x26 CMakeFiles/hello_world.dir/C_/Program_Files/Raspberry_Pi/Pico_SDK_v1.5.1/pico-sdk/src/rp2_common/pico_double/double_aeabi.S.obj
                0x10003f1c                double2int64_z
                0x10003f1c                __wrap___aeabi_d2lz
 *fill*         0x10003f42        0x2 
 .text.double2int64
                0x10003f44       0x10 CMakeFiles/hello_world.dir/C_/Program_Files/Raspberry_Pi/Pico_SDK_v1.5.1/pico-sdk/src/rp2_common/pico_double/double_aeabi.S.obj
                0x10003f44                double2int64
 .text.double2ufix64
                0x10003f54       0x10 CMakeFiles/hello_world.dir/C_/Program_Files/Raspberry_Pi/Pico_SDK_v1.5.1/pico-sdk/src/rp2_common/pico_double/double_aeabi.S.obj
                0x10003f54                double2ufix64
 .text.__wrap___aeabi_d2f
                0x10003f64       0x10 CMakeFiles/hello_world.dir/C_/Program_Files/Raspberry_Pi/Pico_SDK_v1.5.1/pico-sdk/src/rp2_common/pico_double/double_aeabi.S.obj
                0x10003f64                __wrap___aeabi_d2f
 .text.missing_double_func_shim
                0x10003f74        0xc CMakeFiles/hello_world.dir/C_/Program_Files/Raspberry_Pi/Pico_SDK_v1.5.1/pico-sdk/src/rp2_common/pico_double/double_init_rom.c.obj
 .text.__aeabi_double_init
                0x10003f80       0xcc CMakeFiles/hello_world.dir/C_/Program_Files/Raspberry_Pi/Pico_SDK_v1.5.1/pico-sdk/src/rp2_common/pico_double/double_init_rom.c.obj
                0x10003f80                __aeabi_double_init
 .text.double_table_shim_on_use_helper
                0x1000404c       0x34 CMakeFiles/hello_world.dir/C_/Program_Files/Raspberry_Pi/Pico_SDK_v1.5.1/pico-sdk/src/rp2_common/pico_double/double_v1_rom_shim.S.obj
                0x1000404c                double_table_shim_on_use_helper
 .text.__aeabi_lmul
                0x10004080       0x32 CMakeFiles/hello_world.dir/C_/Program_Files/Raspberry_Pi/Pico_SDK_v1.5.1/pico-sdk/src/rp2_common/pico_int64_ops/pico_int64_ops_aeabi.S.obj
                0x10004080                __wrap___aeabi_lmul
 *fill*         0x100040b2        0x2 
 .text.missing_float_func_shim
                0x100040b4        0xc CMakeFiles/hello_world.dir/C_/Program_Files/Raspberry_Pi/Pico_SDK_v1.5.1/pico-sdk/src/rp2_common/pico_float/float_init_rom.c.obj
 .text.__aeabi_float_init
                0x100040c0       0x88 CMakeFiles/hello_world.dir/C_/Program_Files/Raspberry_Pi/Pico_SDK_v1.5.1/pico-sdk/src/rp2_common/pico_float/float_init_rom.c.obj
                0x100040c0                __aeabi_float_init
 .text.__wrap_malloc
                0x10004148       0x24 CMakeFiles/hello_world.dir/C_/Program_Files/Raspberry_Pi/Pico_SDK_v1.5.1/pico-sdk/src/rp2_common/pico_malloc/pico_malloc.c.obj
                0x10004148                __wrap_malloc
 .text.__wrap_realloc
                0x1000416c       0x24 CMakeFiles/hello_world.dir/C_/Program_Files/Raspberry_Pi/Pico_SDK_v1.5.1/pico-sdk/src/rp2_common/pico_malloc/pico_malloc.c.obj
                0x1000416c                __wrap_realloc
 .text.__wrap_free
                0x10004190        0x8 CMakeFiles/hello_world.dir/C_/Program_Files/Raspberry_Pi/Pico_SDK_v1.5.1/pico-sdk/src/rp2_common/pico_malloc/pico_malloc.c.obj
                0x10004190                __wrap_free
 .text          0x10004198       0x10 CMakeFiles/hello_world.dir/C_/Program_Files/Raspberry_Pi/Pico_SDK_v1.5.1/pico-sdk/src/rp2_common/pico_mem_ops/mem_ops_aeabi.S.obj
                0x10004198                __aeabi_mem_init
 .text.memset   0x100041a8        0xc CMakeFiles/hello_world.dir/C_/Program_Files/Raspberry_Pi/Pico_SDK_v1.5.1/pico-sdk/src/rp2_common/pico_mem_ops/mem_ops_aeabi.S.obj
                0x100041a8                __wrap_memset
 .text.memcpy   0x100041b4        0xc CMakeFiles/hello_world.dir/C_/Program_Files/Raspberry_Pi/Pico_SDK_v1.5.1/pico-sdk/src/rp2_common/pico_mem_ops/mem_ops_aeabi.S.obj
                0x100041b4                __wrap_memcpy
                0x100041b4                __wrap___aeabi_memcpy
 .text.stdio_out_chars_no_crlf
                0x100041c0        0xe CMakeFiles/hello_world.dir/C_/Program_Files/Raspberry_Pi/Pico_SDK_v1.5.1/pico-sdk/src/rp2_common/pico_stdio/stdio.c.obj
 *fill*         0x100041ce        0x2 
 .text.stdio_out_chars_crlf
                0x100041d0       0x80 CMakeFiles/hello_world.dir/C_/Program_Files/Raspberry_Pi/Pico_SDK_v1.5.1/pico-sdk/src/rp2_common/pico_stdio/stdio.c.obj
 .text.stdio_stack_buffer_flush
                0x10004250       0x44 CMakeFiles/hello_world.dir/C_/Program_Files/Raspberry_Pi/Pico_SDK_v1.5.1/pico-sdk/src/rp2_common/pico_stdio/stdio.c.obj
 .text.stdio_buffered_printer
                0x10004294       0x20 CMakeFiles/hello_world.dir/C_/Program_Files/Raspberry_Pi/Pico_SDK_v1.5.1/pico-sdk/src/rp2_common/pico_stdio/stdio.c.obj
 .text.stdio_get_until
                0x100042b4       0x80 CMakeFiles/hello_world.dir/C_/Program_Files/Raspberry_Pi/Pico_SDK_v1.5.1/pico-sdk/src/rp2_common/pico_stdio/stdio.c.obj
 .text.stdout_serialize_begin
                0x10004334       0x5c CMakeFiles/hello_world.dir/C_/Program_Files/Raspberry_Pi/Pico_SDK_v1.5.1/pico-sdk/src/rp2_common/pico_stdio/stdio.c.obj
                0x10004334                stdout_serialize_begin
 .text.stdout_serialize_end
                0x10004390       0x10 CMakeFiles/hello_world.dir/C_/Program_Files/Raspberry_Pi/Pico_SDK_v1.5.1/pico-sdk/src/rp2_common/pico_stdio/stdio.c.obj
                0x10004390                stdout_serialize_end
 .text.stdio_put_string
                0x100043a0       0x98 CMakeFiles/hello_world.dir/C_/Program_Files/Raspberry_Pi/Pico_SDK_v1.5.1/pico-sdk/src/rp2_common/pico_stdio/stdio.c.obj
 .text.__wrap_putchar
                0x10004438       0x1c CMakeFiles/hello_world.dir/C_/Program_Files/Raspberry_Pi/Pico_SDK_v1.5.1/pico-sdk/src/rp2_common/pico_stdio/stdio.c.obj
                0x10004438                __wrap_putchar
 .text._read    0x10004454       0x24 CMakeFiles/hello_world.dir/C_/Program_Files/Raspberry_Pi/Pico_SDK_v1.5.1/pico-sdk/src/rp2_common/pico_stdio/stdio.c.obj
                0x10004454                _read
 .text._write   0x10004478       0x22 CMakeFiles/hello_world.dir/C_/Program_Files/Raspberry_Pi/Pico_SDK_v1.5.1/pico-sdk/src/rp2_common/pico_stdio/stdio.c.obj
                0x10004478                _write
 .text._close   0x1000449a        0x6 CMakeFiles/hello_world.dir/C_/Program_Files/Raspberry_Pi/Pico_SDK_v1.5.1/pico-sdk/src/rp2_common/pico_stdio/stdio.c.obj
                0x1000449a                _close
 .text._lseek   0x100044a0        0x6 CMakeFiles/hello_world.dir/C_/Program_Files/Raspberry_Pi/Pico_SDK_v1.5.1/pico-sdk/src/rp2_common/pico_stdio/stdio.c.obj
                0x100044a0                _lseek
 .text._fstat   0x100044a6        0x6 CMakeFiles/hello_world.dir/C_/Program_Files/Raspberry_Pi/Pico_SDK_v1.5.1/pico-sdk/src/rp2_common/pico_stdio/stdio.c.obj
                0x100044a6                _fstat
 .text._isatty  0x100044ac        0xc CMakeFiles/hello_world.dir/C_/Program_Files/Raspberry_Pi/Pico_SDK_v1.5.1/pico-sdk/src/rp2_common/pico_stdio/stdio.c.obj
                0x100044ac                _isatty
 .text.stdio_set_driver_enabled
                0x100044b8       0x2c CMakeFiles/hello_world.dir/C_/Program_Files/Raspberry_Pi/Pico_SDK_v1.5.1/pico-sdk/src/rp2_common/pico_stdio/stdio.c.obj
                0x100044b8                stdio_set_driver_enabled
 .text.stdio_flush
                0x100044e4       0x20 CMakeFiles/hello_world.dir/C_/Program_Files/Raspberry_Pi/Pico_SDK_v1.5.1/pico-sdk/src/rp2_common/pico_stdio/stdio.c.obj
                0x100044e4                stdio_flush
 .text.__wrap_puts
                0x10004504       0x1e CMakeFiles/hello_world.dir/C_/Program_Files/Raspberry_Pi/Pico_SDK_v1.5.1/pico-sdk/src/rp2_common/pico_stdio/stdio.c.obj
                0x10004504                __wrap_puts
 *fill*         0x10004522        0x2 
 .text.__wrap_vprintf
                0x10004524       0x40 CMakeFiles/hello_world.dir/C_/Program_Files/Raspberry_Pi/Pico_SDK_v1.5.1/pico-sdk/src/rp2_common/pico_stdio/stdio.c.obj
                0x10004524                __wrap_vprintf
 .text.__wrap_printf
                0x10004564       0x18 CMakeFiles/hello_world.dir/C_/Program_Files/Raspberry_Pi/Pico_SDK_v1.5.1/pico-sdk/src/rp2_common/pico_stdio/stdio.c.obj
                0x10004564                __wrap_printf
 .text.stdio_init_all
                0x1000457c        0x8 CMakeFiles/hello_world.dir/C_/Program_Files/Raspberry_Pi/Pico_SDK_v1.5.1/pico-sdk/src/rp2_common/pico_stdio/stdio.c.obj
                0x1000457c                stdio_init_all
 .text.resetd_init
                0x10004584        0x2 CMakeFiles/hello_world.dir/C_/Program_Files/Raspberry_Pi/Pico_SDK_v1.5.1/pico-sdk/src/rp2_common/pico_stdio_usb/reset_interface.c.obj
 *fill*         0x10004586        0x2 
 .text.resetd_reset
                0x10004588        0xc CMakeFiles/hello_world.dir/C_/Program_Files/Raspberry_Pi/Pico_SDK_v1.5.1/pico-sdk/src/rp2_common/pico_stdio_usb/reset_interface.c.obj
 .text.resetd_open
                0x10004594       0x34 CMakeFiles/hello_world.dir/C_/Program_Files/Raspberry_Pi/Pico_SDK_v1.5.1/pico-sdk/src/rp2_common/pico_stdio_usb/reset_interface.c.obj
 .text.resetd_xfer_cb
                0x100045c8        0x4 CMakeFiles/hello_world.dir/C_/Program_Files/Raspberry_Pi/Pico_SDK_v1.5.1/pico-sdk/src/rp2_common/pico_stdio_usb/reset_interface.c.obj
 .text.reset_usb_boot
                0x100045cc       0x18 CMakeFiles/hello_world.dir/C_/Program_Files/Raspberry_Pi/Pico_SDK_v1.5.1/pico-sdk/src/rp2_common/pico_stdio_usb/reset_interface.c.obj
 .text.resetd_control_xfer_cb
                0x100045e4       0x5c CMakeFiles/hello_world.dir/C_/Program_Files/Raspberry_Pi/Pico_SDK_v1.5.1/pico-sdk/src/rp2_common/pico_stdio_usb/reset_interface.c.obj
 .text.usbd_app_driver_get_cb
                0x10004640        0xc CMakeFiles/hello_world.dir/C_/Program_Files/Raspberry_Pi/Pico_SDK_v1.5.1/pico-sdk/src/rp2_common/pico_stdio_usb/reset_interface.c.obj
                0x10004640                usbd_app_driver_get_cb
 .text.tud_cdc_line_coding_cb
                0x1000464c       0x28 CMakeFiles/hello_world.dir/C_/Program_Files/Raspberry_Pi/Pico_SDK_v1.5.1/pico-sdk/src/rp2_common/pico_stdio_usb/reset_interface.c.obj
                0x1000464c                tud_cdc_line_coding_cb
 .text.stdio_usb_set_chars_available_callback
                0x10004674       0x14 CMakeFiles/hello_world.dir/C_/Program_Files/Raspberry_Pi/Pico_SDK_v1.5.1/pico-sdk/src/rp2_common/pico_stdio_usb/stdio_usb.c.obj
                0x10004674                stdio_usb_set_chars_available_callback
 .text.usb_irq  0x10004688       0x10 CMakeFiles/hello_world.dir/C_/Program_Files/Raspberry_Pi/Pico_SDK_v1.5.1/pico-sdk/src/rp2_common/pico_stdio_usb/stdio_usb.c.obj
 .text.timer_task
                0x10004698       0x5c CMakeFiles/hello_world.dir/C_/Program_Files/Raspberry_Pi/Pico_SDK_v1.5.1/pico-sdk/src/rp2_common/pico_stdio_usb/stdio_usb.c.obj
 .text.low_priority_worker_irq
                0x100046f4       0xdc CMakeFiles/hello_world.dir/C_/Program_Files/Raspberry_Pi/Pico_SDK_v1.5.1/pico-sdk/src/rp2_common/pico_stdio_usb/stdio_usb.c.obj
 .text.tud_cdc_rx_cb
                0x100047d0       0x20 CMakeFiles/hello_world.dir/C_/Program_Files/Raspberry_Pi/Pico_SDK_v1.5.1/pico-sdk/src/rp2_common/pico_stdio_usb/stdio_usb.c.obj
                0x100047d0                tud_cdc_rx_cb
 .text.stdio_usb_init
                0x100047f0      0x11c CMakeFiles/hello_world.dir/C_/Program_Files/Raspberry_Pi/Pico_SDK_v1.5.1/pico-sdk/src/rp2_common/pico_stdio_usb/stdio_usb.c.obj
                0x100047f0                stdio_usb_init
 .text.stdio_usb_connected
                0x1000490c        0xa CMakeFiles/hello_world.dir/C_/Program_Files/Raspberry_Pi/Pico_SDK_v1.5.1/pico-sdk/src/rp2_common/pico_stdio_usb/stdio_usb.c.obj
                0x1000490c                stdio_usb_connected
 *fill*         0x10004916        0x2 
 .text.stdio_usb_in_chars
                0x10004918       0xc4 CMakeFiles/hello_world.dir/C_/Program_Files/Raspberry_Pi/Pico_SDK_v1.5.1/pico-sdk/src/rp2_common/pico_stdio_usb/stdio_usb.c.obj
                0x10004918                stdio_usb_in_chars
 .text.stdio_usb_out_chars
                0x100049dc      0x114 CMakeFiles/hello_world.dir/C_/Program_Files/Raspberry_Pi/Pico_SDK_v1.5.1/pico-sdk/src/rp2_common/pico_stdio_usb/stdio_usb.c.obj
 .text.tud_descriptor_device_cb
                0x10004af0        0x8 CMakeFiles/hello_world.dir/C_/Program_Files/Raspberry_Pi/Pico_SDK_v1.5.1/pico-sdk/src/rp2_common/pico_stdio_usb/stdio_usb_descriptors.c.obj
                0x10004af0                tud_descriptor_device_cb
 .text.tud_descriptor_configuration_cb
                0x10004af8        0x8 CMakeFiles/hello_world.dir/C_/Program_Files/Raspberry_Pi/Pico_SDK_v1.5.1/pico-sdk/src/rp2_common/pico_stdio_usb/stdio_usb_descriptors.c.obj
                0x10004af8                tud_descriptor_configuration_cb
 .text.tud_descriptor_string_cb
                0x10004b00       0x6c CMakeFiles/hello_world.dir/C_/Program_Files/Raspberry_Pi/Pico_SDK_v1.5.1/pico-sdk/src/rp2_common/pico_stdio_usb/stdio_usb_descriptors.c.obj
                0x10004b00                tud_descriptor_string_cb
 .text._retrieve_unique_id_on_boot
                0x10004b6c       0x10 CMakeFiles/hello_world.dir/C_/Program_Files/Raspberry_Pi/Pico_SDK_v1.5.1/pico-sdk/src/rp2_common/pico_unique_id/unique_id.c.obj
 .text.pico_get_unique_board_id
                0x10004b7c       0x10 CMakeFiles/hello_world.dir/C_/Program_Files/Raspberry_Pi/Pico_SDK_v1.5.1/pico-sdk/src/rp2_common/pico_unique_id/unique_id.c.obj
                0x10004b7c                pico_get_unique_board_id
 .text.pico_get_unique_board_id_string
                0x10004b8c       0x60 CMakeFiles/hello_world.dir/C_/Program_Files/Raspberry_Pi/Pico_SDK_v1.5.1/pico-sdk/src/rp2_common/pico_unique_id/unique_id.c.obj
                0x10004b8c                pico_get_unique_board_id_string
 .text.flash_get_unique_id
                0x10004bec       0x46 CMakeFiles/hello_world.dir/C_/Program_Files/Raspberry_Pi/Pico_SDK_v1.5.1/pico-sdk/src/rp2_common/hardware_flash/flash.c.obj
                0x10004bec                flash_get_unique_id
 *fill*         0x10004c32        0x2 
 .text.hw_endpoint_get_by_addr
                0x10004c34       0x18 CMakeFiles/hello_world.dir/C_/Program_Files/Raspberry_Pi/Pico_SDK_v1.5.1/pico-sdk/lib/tinyusb/src/portable/raspberrypi/rp2040/dcd_rp2040.c.obj
 .text._hw_endpoint_alloc
                0x10004c4c       0x70 CMakeFiles/hello_world.dir/C_/Program_Files/Raspberry_Pi/Pico_SDK_v1.5.1/pico-sdk/lib/tinyusb/src/portable/raspberrypi/rp2040/dcd_rp2040.c.obj
 .text.hw_endpoint_init
                0x10004cbc       0x88 CMakeFiles/hello_world.dir/C_/Program_Files/Raspberry_Pi/Pico_SDK_v1.5.1/pico-sdk/lib/tinyusb/src/portable/raspberrypi/rp2040/dcd_rp2040.c.obj
 .text.hw_endpoint_xfer
                0x10004d44       0x14 CMakeFiles/hello_world.dir/C_/Program_Files/Raspberry_Pi/Pico_SDK_v1.5.1/pico-sdk/lib/tinyusb/src/portable/raspberrypi/rp2040/dcd_rp2040.c.obj
 .text.dcd_int_enable
                0x10004d58       0x2c CMakeFiles/hello_world.dir/C_/Program_Files/Raspberry_Pi/Pico_SDK_v1.5.1/pico-sdk/lib/tinyusb/src/portable/raspberrypi/rp2040/dcd_rp2040.c.obj
                0x10004d58                dcd_int_enable
 .text.dcd_set_address
                0x10004d84       0x2c CMakeFiles/hello_world.dir/C_/Program_Files/Raspberry_Pi/Pico_SDK_v1.5.1/pico-sdk/lib/tinyusb/src/portable/raspberrypi/rp2040/dcd_rp2040.c.obj
                0x10004d84                dcd_set_address
 .text.dcd_connect
                0x10004db0       0x10 CMakeFiles/hello_world.dir/C_/Program_Files/Raspberry_Pi/Pico_SDK_v1.5.1/pico-sdk/lib/tinyusb/src/portable/raspberrypi/rp2040/dcd_rp2040.c.obj
                0x10004db0                dcd_connect
 .text.dcd_init
                0x10004dc0       0x80 CMakeFiles/hello_world.dir/C_/Program_Files/Raspberry_Pi/Pico_SDK_v1.5.1/pico-sdk/lib/tinyusb/src/portable/raspberrypi/rp2040/dcd_rp2040.c.obj
                0x10004dc0                dcd_init
 .text.dcd_edpt0_status_complete
                0x10004e40       0x1c CMakeFiles/hello_world.dir/C_/Program_Files/Raspberry_Pi/Pico_SDK_v1.5.1/pico-sdk/lib/tinyusb/src/portable/raspberrypi/rp2040/dcd_rp2040.c.obj
                0x10004e40                dcd_edpt0_status_complete
 .text.dcd_edpt_open
                0x10004e5c       0x40 CMakeFiles/hello_world.dir/C_/Program_Files/Raspberry_Pi/Pico_SDK_v1.5.1/pico-sdk/lib/tinyusb/src/portable/raspberrypi/rp2040/dcd_rp2040.c.obj
                0x10004e5c                dcd_edpt_open
 .text.dcd_edpt_close_all
                0x10004e9c        0x8 CMakeFiles/hello_world.dir/C_/Program_Files/Raspberry_Pi/Pico_SDK_v1.5.1/pico-sdk/lib/tinyusb/src/portable/raspberrypi/rp2040/dcd_rp2040.c.obj
                0x10004e9c                dcd_edpt_close_all
 .text.dcd_edpt_xfer
                0x10004ea4       0x34 CMakeFiles/hello_world.dir/C_/Program_Files/Raspberry_Pi/Pico_SDK_v1.5.1/pico-sdk/lib/tinyusb/src/portable/raspberrypi/rp2040/dcd_rp2040.c.obj
                0x10004ea4                dcd_edpt_xfer
 .text.dcd_edpt_stall
                0x10004ed8       0x2c CMakeFiles/hello_world.dir/C_/Program_Files/Raspberry_Pi/Pico_SDK_v1.5.1/pico-sdk/lib/tinyusb/src/portable/raspberrypi/rp2040/dcd_rp2040.c.obj
                0x10004ed8                dcd_edpt_stall
 .text.dcd_edpt_clear_stall
                0x10004f04       0x20 CMakeFiles/hello_world.dir/C_/Program_Files/Raspberry_Pi/Pico_SDK_v1.5.1/pico-sdk/lib/tinyusb/src/portable/raspberrypi/rp2040/dcd_rp2040.c.obj
                0x10004f04                dcd_edpt_clear_stall
 .text.rp2040_usb_init
                0x10004f24       0x4c CMakeFiles/hello_world.dir/C_/Program_Files/Raspberry_Pi/Pico_SDK_v1.5.1/pico-sdk/lib/tinyusb/src/portable/raspberrypi/rp2040/rp2040_usb.c.obj
                0x10004f24                rp2040_usb_init
 .text.hw_endpoint_xfer_start
                0x10004f70       0x50 CMakeFiles/hello_world.dir/C_/Program_Files/Raspberry_Pi/Pico_SDK_v1.5.1/pico-sdk/lib/tinyusb/src/portable/raspberrypi/rp2040/rp2040_usb.c.obj
                0x10004f70                hw_endpoint_xfer_start
 .text.configuration_reset
                0x10004fc0       0x84 CMakeFiles/hello_world.dir/C_/Program_Files/Raspberry_Pi/Pico_SDK_v1.5.1/pico-sdk/lib/tinyusb/src/device/usbd.c.obj
 .text.usbd_reset
                0x10005044        0xc CMakeFiles/hello_world.dir/C_/Program_Files/Raspberry_Pi/Pico_SDK_v1.5.1/pico-sdk/lib/tinyusb/src/device/usbd.c.obj
 .text.invoke_class_control
                0x10005050       0x1a CMakeFiles/hello_world.dir/C_/Program_Files/Raspberry_Pi/Pico_SDK_v1.5.1/pico-sdk/lib/tinyusb/src/device/usbd.c.obj
 *fill*         0x1000506a        0x2 
 .text.process_set_config
                0x1000506c      0x178 CMakeFiles/hello_world.dir/C_/Program_Files/Raspberry_Pi/Pico_SDK_v1.5.1/pico-sdk/lib/tinyusb/src/device/usbd.c.obj
 .text.process_get_descriptor
                0x100051e4       0xdc CMakeFiles/hello_world.dir/C_/Program_Files/Raspberry_Pi/Pico_SDK_v1.5.1/pico-sdk/lib/tinyusb/src/device/usbd.c.obj
 .text.tud_mounted
                0x100052c0       0x10 CMakeFiles/hello_world.dir/C_/Program_Files/Raspberry_Pi/Pico_SDK_v1.5.1/pico-sdk/lib/tinyusb/src/device/usbd.c.obj
                0x100052c0                tud_mounted
 .text.tud_suspended
                0x100052d0       0x10 CMakeFiles/hello_world.dir/C_/Program_Files/Raspberry_Pi/Pico_SDK_v1.5.1/pico-sdk/lib/tinyusb/src/device/usbd.c.obj
                0x100052d0                tud_suspended
 .text.tud_inited
                0x100052e0       0x14 CMakeFiles/hello_world.dir/C_/Program_Files/Raspberry_Pi/Pico_SDK_v1.5.1/pico-sdk/lib/tinyusb/src/device/usbd.c.obj
                0x100052e0                tud_inited
 .text.tud_init
                0x100052f4       0xcc CMakeFiles/hello_world.dir/C_/Program_Files/Raspberry_Pi/Pico_SDK_v1.5.1/pico-sdk/lib/tinyusb/src/device/usbd.c.obj
                0x100052f4                tud_init
 .text.usbd_defer_func
                0x100053c0       0x2a CMakeFiles/hello_world.dir/C_/Program_Files/Raspberry_Pi/Pico_SDK_v1.5.1/pico-sdk/lib/tinyusb/src/device/usbd.c.obj
                0x100053c0                usbd_defer_func
 *fill*         0x100053ea        0x2 
 .text.usbd_edpt_open
                0x100053ec       0x34 CMakeFiles/hello_world.dir/C_/Program_Files/Raspberry_Pi/Pico_SDK_v1.5.1/pico-sdk/lib/tinyusb/src/device/usbd.c.obj
                0x100053ec                usbd_edpt_open
 .text.usbd_open_edpt_pair
                0x10005420       0x62 CMakeFiles/hello_world.dir/C_/Program_Files/Raspberry_Pi/Pico_SDK_v1.5.1/pico-sdk/lib/tinyusb/src/device/usbd.c.obj
                0x10005420                usbd_open_edpt_pair
 *fill*         0x10005482        0x2 
 .text.usbd_edpt_claim
                0x10005484       0x28 CMakeFiles/hello_world.dir/C_/Program_Files/Raspberry_Pi/Pico_SDK_v1.5.1/pico-sdk/lib/tinyusb/src/device/usbd.c.obj
                0x10005484                usbd_edpt_claim
 .text.usbd_edpt_release
                0x100054ac       0x28 CMakeFiles/hello_world.dir/C_/Program_Files/Raspberry_Pi/Pico_SDK_v1.5.1/pico-sdk/lib/tinyusb/src/device/usbd.c.obj
                0x100054ac                usbd_edpt_release
 .text.usbd_edpt_xfer
                0x100054d4       0x78 CMakeFiles/hello_world.dir/C_/Program_Files/Raspberry_Pi/Pico_SDK_v1.5.1/pico-sdk/lib/tinyusb/src/device/usbd.c.obj
                0x100054d4                usbd_edpt_xfer
 .text.usbd_edpt_stall
                0x1000554c       0x48 CMakeFiles/hello_world.dir/C_/Program_Files/Raspberry_Pi/Pico_SDK_v1.5.1/pico-sdk/lib/tinyusb/src/device/usbd.c.obj
                0x1000554c                usbd_edpt_stall
 .text.usbd_edpt_clear_stall
                0x10005594       0x48 CMakeFiles/hello_world.dir/C_/Program_Files/Raspberry_Pi/Pico_SDK_v1.5.1/pico-sdk/lib/tinyusb/src/device/usbd.c.obj
                0x10005594                usbd_edpt_clear_stall
 .text.usbd_edpt_stalled
                0x100055dc       0x1c CMakeFiles/hello_world.dir/C_/Program_Files/Raspberry_Pi/Pico_SDK_v1.5.1/pico-sdk/lib/tinyusb/src/device/usbd.c.obj
                0x100055dc                usbd_edpt_stalled
 .text.process_control_request
                0x100055f8      0x37c CMakeFiles/hello_world.dir/C_/Program_Files/Raspberry_Pi/Pico_SDK_v1.5.1/pico-sdk/lib/tinyusb/src/device/usbd.c.obj
 .text.tud_task_ext
                0x10005974      0x1b8 CMakeFiles/hello_world.dir/C_/Program_Files/Raspberry_Pi/Pico_SDK_v1.5.1/pico-sdk/lib/tinyusb/src/device/usbd.c.obj
                0x10005974                tud_task_ext
 .text._data_stage_xact
                0x10005b2c       0x58 CMakeFiles/hello_world.dir/C_/Program_Files/Raspberry_Pi/Pico_SDK_v1.5.1/pico-sdk/lib/tinyusb/src/device/usbd_control.c.obj
 .text.tud_control_status
                0x10005b84       0x38 CMakeFiles/hello_world.dir/C_/Program_Files/Raspberry_Pi/Pico_SDK_v1.5.1/pico-sdk/lib/tinyusb/src/device/usbd_control.c.obj
                0x10005b84                tud_control_status
 .text.tud_control_xfer
                0x10005bbc       0x74 CMakeFiles/hello_world.dir/C_/Program_Files/Raspberry_Pi/Pico_SDK_v1.5.1/pico-sdk/lib/tinyusb/src/device/usbd_control.c.obj
                0x10005bbc                tud_control_xfer
 .text.usbd_control_reset
                0x10005c30       0x14 CMakeFiles/hello_world.dir/C_/Program_Files/Raspberry_Pi/Pico_SDK_v1.5.1/pico-sdk/lib/tinyusb/src/device/usbd_control.c.obj
                0x10005c30                usbd_control_reset
 .text.usbd_control_set_complete_callback
                0x10005c44        0xc CMakeFiles/hello_world.dir/C_/Program_Files/Raspberry_Pi/Pico_SDK_v1.5.1/pico-sdk/lib/tinyusb/src/device/usbd_control.c.obj
                0x10005c44                usbd_control_set_complete_callback
 .text.usbd_control_set_request
                0x10005c50       0x1c CMakeFiles/hello_world.dir/C_/Program_Files/Raspberry_Pi/Pico_SDK_v1.5.1/pico-sdk/lib/tinyusb/src/device/usbd_control.c.obj
                0x10005c50                usbd_control_set_request
 .text.usbd_control_xfer_cb
                0x10005c6c       0xcc CMakeFiles/hello_world.dir/C_/Program_Files/Raspberry_Pi/Pico_SDK_v1.5.1/pico-sdk/lib/tinyusb/src/device/usbd_control.c.obj
                0x10005c6c                usbd_control_xfer_cb
 .text._prep_out_transaction
                0x10005d38       0x4a CMakeFiles/hello_world.dir/C_/Program_Files/Raspberry_Pi/Pico_SDK_v1.5.1/pico-sdk/lib/tinyusb/src/class/cdc/cdc_device.c.obj
 *fill*         0x10005d82        0x2 
 .text.tud_cdc_n_connected
                0x10005d84       0x44 CMakeFiles/hello_world.dir/C_/Program_Files/Raspberry_Pi/Pico_SDK_v1.5.1/pico-sdk/lib/tinyusb/src/class/cdc/cdc_device.c.obj
                0x10005d84                tud_cdc_n_connected
 .text.tud_cdc_n_available
                0x10005dc8       0x18 CMakeFiles/hello_world.dir/C_/Program_Files/Raspberry_Pi/Pico_SDK_v1.5.1/pico-sdk/lib/tinyusb/src/class/cdc/cdc_device.c.obj
                0x10005dc8                tud_cdc_n_available
 .text.tud_cdc_n_read
                0x10005de0       0x28 CMakeFiles/hello_world.dir/C_/Program_Files/Raspberry_Pi/Pico_SDK_v1.5.1/pico-sdk/lib/tinyusb/src/class/cdc/cdc_device.c.obj
                0x10005de0                tud_cdc_n_read
 .text.tud_cdc_n_write_flush
                0x10005e08       0xb8 CMakeFiles/hello_world.dir/C_/Program_Files/Raspberry_Pi/Pico_SDK_v1.5.1/pico-sdk/lib/tinyusb/src/class/cdc/cdc_device.c.obj
                0x10005e08                tud_cdc_n_write_flush
 .text.tud_cdc_n_write
                0x10005ec0       0x38 CMakeFiles/hello_world.dir/C_/Program_Files/Raspberry_Pi/Pico_SDK_v1.5.1/pico-sdk/lib/tinyusb/src/class/cdc/cdc_device.c.obj
                0x10005ec0                tud_cdc_n_write
 .text.tud_cdc_n_write_available
                0x10005ef8       0x1c CMakeFiles/hello_world.dir/C_/Program_Files/Raspberry_Pi/Pico_SDK_v1.5.1/pico-sdk/lib/tinyusb/src/class/cdc/cdc_device.c.obj
                0x10005ef8                tud_cdc_n_write_available
 .text.cdcd_init
                0x10005f14       0xbc CMakeFiles/hello_world.dir/C_/Program_Files/Raspberry_Pi/Pico_SDK_v1.5.1/pico-sdk/lib/tinyusb/src/class/cdc/cdc_device.c.obj
                0x10005f14                cdcd_init
 .text.cdcd_reset
                0x10005fd0       0x44 CMakeFiles/hello_world.dir/C_/Program_Files/Raspberry_Pi/Pico_SDK_v1.5.1/pico-sdk/lib/tinyusb/src/class/cdc/cdc_device.c.obj
                0x10005fd0                cdcd_reset
 .text.cdcd_open
                0x10006014       0xcc CMakeFiles/hello_world.dir/C_/Program_Files/Raspberry_Pi/Pico_SDK_v1.5.1/pico-sdk/lib/tinyusb/src/class/cdc/cdc_device.c.obj
                0x10006014                cdcd_open
 .text.cdcd_control_xfer_cb
                0x100060e0      0x134 CMakeFiles/hello_world.dir/C_/Program_Files/Raspberry_Pi/Pico_SDK_v1.5.1/pico-sdk/lib/tinyusb/src/class/cdc/cdc_device.c.obj
                0x100060e0                cdcd_control_xfer_cb
 .text.cdcd_xfer_cb
                0x10006214      0x130 CMakeFiles/hello_world.dir/C_/Program_Files/Raspberry_Pi/Pico_SDK_v1.5.1/pico-sdk/lib/tinyusb/src/class/cdc/cdc_device.c.obj
                0x10006214                cdcd_xfer_cb
 .text.tusb_init
                0x10006344        0xa CMakeFiles/hello_world.dir/C_/Program_Files/Raspberry_Pi/Pico_SDK_v1.5.1/pico-sdk/lib/tinyusb/src/tusb.c.obj
                0x10006344                tusb_init
 .text.tusb_inited
                0x1000634e        0xe CMakeFiles/hello_world.dir/C_/Program_Files/Raspberry_Pi/Pico_SDK_v1.5.1/pico-sdk/lib/tinyusb/src/tusb.c.obj
                0x1000634e                tusb_inited
 .text.tu_edpt_claim
                0x1000635c       0x50 CMakeFiles/hello_world.dir/C_/Program_Files/Raspberry_Pi/Pico_SDK_v1.5.1/pico-sdk/lib/tinyusb/src/tusb.c.obj
                0x1000635c                tu_edpt_claim
 .text.tu_edpt_release
                0x100063ac       0x3c CMakeFiles/hello_world.dir/C_/Program_Files/Raspberry_Pi/Pico_SDK_v1.5.1/pico-sdk/lib/tinyusb/src/tusb.c.obj
                0x100063ac                tu_edpt_release
 .text.tu_edpt_validate
                0x100063e8       0x78 CMakeFiles/hello_world.dir/C_/Program_Files/Raspberry_Pi/Pico_SDK_v1.5.1/pico-sdk/lib/tinyusb/src/tusb.c.obj
                0x100063e8                tu_edpt_validate
 .text.tu_edpt_bind_driver
                0x10006460       0x26 CMakeFiles/hello_world.dir/C_/Program_Files/Raspberry_Pi/Pico_SDK_v1.5.1/pico-sdk/lib/tinyusb/src/tusb.c.obj
                0x10006460                tu_edpt_bind_driver
 .text.advance_index
                0x10006486       0x1a CMakeFiles/hello_world.dir/C_/Program_Files/Raspberry_Pi/Pico_SDK_v1.5.1/pico-sdk/lib/tinyusb/src/common/tusb_fifo.c.obj
 .text._tu_fifo_peek
                0x100064a0       0x56 CMakeFiles/hello_world.dir/C_/Program_Files/Raspberry_Pi/Pico_SDK_v1.5.1/pico-sdk/lib/tinyusb/src/common/tusb_fifo.c.obj
 .text._ff_pull_const_addr
                0x100064f6       0x4c CMakeFiles/hello_world.dir/C_/Program_Files/Raspberry_Pi/Pico_SDK_v1.5.1/pico-sdk/lib/tinyusb/src/common/tusb_fifo.c.obj
 .text._ff_pull_n
                0x10006542      0x110 CMakeFiles/hello_world.dir/C_/Program_Files/Raspberry_Pi/Pico_SDK_v1.5.1/pico-sdk/lib/tinyusb/src/common/tusb_fifo.c.obj
 .text._tu_fifo_peek_n
                0x10006652       0x6a CMakeFiles/hello_world.dir/C_/Program_Files/Raspberry_Pi/Pico_SDK_v1.5.1/pico-sdk/lib/tinyusb/src/common/tusb_fifo.c.obj
 .text._tu_fifo_read_n
                0x100066bc       0x4e CMakeFiles/hello_world.dir/C_/Program_Files/Raspberry_Pi/Pico_SDK_v1.5.1/pico-sdk/lib/tinyusb/src/common/tusb_fifo.c.obj
 .text._ff_push_const_addr
                0x1000670a       0x40 CMakeFiles/hello_world.dir/C_/Program_Files/Raspberry_Pi/Pico_SDK_v1.5.1/pico-sdk/lib/tinyusb/src/common/tusb_fifo.c.obj
 .text._ff_push_n
                0x1000674a      0x10c CMakeFiles/hello_world.dir/C_/Program_Files/Raspberry_Pi/Pico_SDK_v1.5.1/pico-sdk/lib/tinyusb/src/common/tusb_fifo.c.obj
 .text._tu_fifo_write_n
                0x10006856       0xf0 CMakeFiles/hello_world.dir/C_/Program_Files/Raspberry_Pi/Pico_SDK_v1.5.1/pico-sdk/lib/tinyusb/src/common/tusb_fifo.c.obj
 .text.tu_fifo_config
                0x10006946       0x7c CMakeFiles/hello_world.dir/C_/Program_Files/Raspberry_Pi/Pico_SDK_v1.5.1/pico-sdk/lib/tinyusb/src/common/tusb_fifo.c.obj
                0x10006946                tu_fifo_config
 .text.tu_fifo_count
                0x100069c2       0x2a CMakeFiles/hello_world.dir/C_/Program_Files/Raspberry_Pi/Pico_SDK_v1.5.1/pico-sdk/lib/tinyusb/src/common/tusb_fifo.c.obj
                0x100069c2                tu_fifo_count
 .text.tu_fifo_empty
                0x100069ec       0x10 CMakeFiles/hello_world.dir/C_/Program_Files/Raspberry_Pi/Pico_SDK_v1.5.1/pico-sdk/lib/tinyusb/src/common/tusb_fifo.c.obj
                0x100069ec                tu_fifo_empty
 .text.tu_fifo_full
                0x100069fc       0x28 CMakeFiles/hello_world.dir/C_/Program_Files/Raspberry_Pi/Pico_SDK_v1.5.1/pico-sdk/lib/tinyusb/src/common/tusb_fifo.c.obj
                0x100069fc                tu_fifo_full
 .text.tu_fifo_remaining
                0x10006a24       0x2c CMakeFiles/hello_world.dir/C_/Program_Files/Raspberry_Pi/Pico_SDK_v1.5.1/pico-sdk/lib/tinyusb/src/common/tusb_fifo.c.obj
                0x10006a24                tu_fifo_remaining
 .text.tu_fifo_read
                0x10006a50       0x42 CMakeFiles/hello_world.dir/C_/Program_Files/Raspberry_Pi/Pico_SDK_v1.5.1/pico-sdk/lib/tinyusb/src/common/tusb_fifo.c.obj
                0x10006a50                tu_fifo_read
 .text.tu_fifo_read_n
                0x10006a92        0xa CMakeFiles/hello_world.dir/C_/Program_Files/Raspberry_Pi/Pico_SDK_v1.5.1/pico-sdk/lib/tinyusb/src/common/tusb_fifo.c.obj
                0x10006a92                tu_fifo_read_n
 .text.tu_fifo_write
                0x10006a9c       0x64 CMakeFiles/hello_world.dir/C_/Program_Files/Raspberry_Pi/Pico_SDK_v1.5.1/pico-sdk/lib/tinyusb/src/common/tusb_fifo.c.obj
                0x10006a9c                tu_fifo_write
 .text.tu_fifo_write_n
                0x10006b00        0xa CMakeFiles/hello_world.dir/C_/Program_Files/Raspberry_Pi/Pico_SDK_v1.5.1/pico-sdk/lib/tinyusb/src/common/tusb_fifo.c.obj
                0x10006b00                tu_fifo_write_n
 .text.tu_fifo_clear
                0x10006b0a       0x3e CMakeFiles/hello_world.dir/C_/Program_Files/Raspberry_Pi/Pico_SDK_v1.5.1/pico-sdk/lib/tinyusb/src/common/tusb_fifo.c.obj
                0x10006b0a                tu_fifo_clear
 .text.tu_fifo_set_overwritable
                0x10006b48       0x46 CMakeFiles/hello_world.dir/C_/Program_Files/Raspberry_Pi/Pico_SDK_v1.5.1/pico-sdk/lib/tinyusb/src/common/tusb_fifo.c.obj
                0x10006b48                tu_fifo_set_overwritable
 *fill*         0x10006b8e        0x2 
 .text.cyw43_arch_set_async_context
                0x10006b90        0xc CMakeFiles/hello_world.dir/C_/Program_Files/Raspberry_Pi/Pico_SDK_v1.5.1/pico-sdk/src/rp2_common/pico_cyw43_arch/cyw43_arch.c.obj
                0x10006b90                cyw43_arch_set_async_context
 .text.cyw43_arch_gpio_put
                0x10006b9c       0x14 CMakeFiles/hello_world.dir/C_/Program_Files/Raspberry_Pi/Pico_SDK_v1.5.1/pico-sdk/src/rp2_common/pico_cyw43_arch/cyw43_arch.c.obj
                0x10006b9c                cyw43_arch_gpio_put
 .text.cyw43_arch_async_context
                0x10006bb0        0xc CMakeFiles/hello_world.dir/C_/Program_Files/Raspberry_Pi/Pico_SDK_v1.5.1/pico-sdk/src/rp2_common/pico_cyw43_arch/cyw43_arch.c.obj
                0x10006bb0                cyw43_arch_async_context
 .text.cyw43_arch_init_default_async_context
                0x10006bbc       0x20 CMakeFiles/hello_world.dir/C_/Program_Files/Raspberry_Pi/Pico_SDK_v1.5.1/pico-sdk/src/rp2_common/pico_cyw43_arch/cyw43_arch_threadsafe_background.c.obj
                0x10006bbc                cyw43_arch_init_default_async_context
 .text.cyw43_arch_deinit
                0x10006bdc       0x28 CMakeFiles/hello_world.dir/C_/Program_Files/Raspberry_Pi/Pico_SDK_v1.5.1/pico-sdk/src/rp2_common/pico_cyw43_arch/cyw43_arch_threadsafe_background.c.obj
                0x10006bdc                cyw43_arch_deinit
 .text.cyw43_arch_init
                0x10006c04       0x36 CMakeFiles/hello_world.dir/C_/Program_Files/Raspberry_Pi/Pico_SDK_v1.5.1/pico-sdk/src/rp2_common/pico_cyw43_arch/cyw43_arch_threadsafe_background.c.obj
                0x10006c04                cyw43_arch_init
 .text.cs_set   0x10006c3a       0x1c CMakeFiles/hello_world.dir/C_/Program_Files/Raspberry_Pi/Pico_SDK_v1.5.1/pico-sdk/src/rp2_common/pico_cyw43_driver/cyw43_bus_pio_spi.c.obj
 *fill*         0x10006c56        0x2 
 .text.start_spi_comms
                0x10006c58       0x2c CMakeFiles/hello_world.dir/C_/Program_Files/Raspberry_Pi/Pico_SDK_v1.5.1/pico-sdk/src/rp2_common/pico_cyw43_driver/cyw43_bus_pio_spi.c.obj
 .text.ns_delay
                0x10006c84       0x20 CMakeFiles/hello_world.dir/C_/Program_Files/Raspberry_Pi/Pico_SDK_v1.5.1/pico-sdk/src/rp2_common/pico_cyw43_driver/cyw43_bus_pio_spi.c.obj
 .text.stop_spi_comms
                0x10006ca4       0x10 CMakeFiles/hello_world.dir/C_/Program_Files/Raspberry_Pi/Pico_SDK_v1.5.1/pico-sdk/src/rp2_common/pico_cyw43_driver/cyw43_bus_pio_spi.c.obj
 .text.cyw43_spi_deinit
                0x10006cb4       0x74 CMakeFiles/hello_world.dir/C_/Program_Files/Raspberry_Pi/Pico_SDK_v1.5.1/pico-sdk/src/rp2_common/pico_cyw43_driver/cyw43_bus_pio_spi.c.obj
                0x10006cb4                cyw43_spi_deinit
 .text.cyw43_spi_init
                0x10006d28      0x284 CMakeFiles/hello_world.dir/C_/Program_Files/Raspberry_Pi/Pico_SDK_v1.5.1/pico-sdk/src/rp2_common/pico_cyw43_driver/cyw43_bus_pio_spi.c.obj
                0x10006d28                cyw43_spi_init
 .text.cyw43_spi_transfer
                0x10006fac      0x694 CMakeFiles/hello_world.dir/C_/Program_Files/Raspberry_Pi/Pico_SDK_v1.5.1/pico-sdk/src/rp2_common/pico_cyw43_driver/cyw43_bus_pio_spi.c.obj
                0x10006fac                cyw43_spi_transfer
 .text.cyw43_spi_gpio_setup
                0x10007640       0x3a CMakeFiles/hello_world.dir/C_/Program_Files/Raspberry_Pi/Pico_SDK_v1.5.1/pico-sdk/src/rp2_common/pico_cyw43_driver/cyw43_bus_pio_spi.c.obj
                0x10007640                cyw43_spi_gpio_setup
 .text.cyw43_spi_reset
                0x1000767a       0x28 CMakeFiles/hello_world.dir/C_/Program_Files/Raspberry_Pi/Pico_SDK_v1.5.1/pico-sdk/src/rp2_common/pico_cyw43_driver/cyw43_bus_pio_spi.c.obj
                0x1000767a                cyw43_spi_reset
 *fill*         0x100076a2        0x2 
 .text.read_reg_u32_swap
                0x100076a4       0x68 CMakeFiles/hello_world.dir/C_/Program_Files/Raspberry_Pi/Pico_SDK_v1.5.1/pico-sdk/src/rp2_common/pico_cyw43_driver/cyw43_bus_pio_spi.c.obj
                0x100076a4                read_reg_u32_swap
 .text.cyw43_read_reg_u32
                0x1000770c       0x54 CMakeFiles/hello_world.dir/C_/Program_Files/Raspberry_Pi/Pico_SDK_v1.5.1/pico-sdk/src/rp2_common/pico_cyw43_driver/cyw43_bus_pio_spi.c.obj
                0x1000770c                cyw43_read_reg_u32
 .text.cyw43_read_reg_u16
                0x10007760       0x54 CMakeFiles/hello_world.dir/C_/Program_Files/Raspberry_Pi/Pico_SDK_v1.5.1/pico-sdk/src/rp2_common/pico_cyw43_driver/cyw43_bus_pio_spi.c.obj
                0x10007760                cyw43_read_reg_u16
 .text.cyw43_read_reg_u8
                0x100077b4       0x54 CMakeFiles/hello_world.dir/C_/Program_Files/Raspberry_Pi/Pico_SDK_v1.5.1/pico-sdk/src/rp2_common/pico_cyw43_driver/cyw43_bus_pio_spi.c.obj
                0x100077b4                cyw43_read_reg_u8
 .text.write_reg_u32_swap
                0x10007808       0x34 CMakeFiles/hello_world.dir/C_/Program_Files/Raspberry_Pi/Pico_SDK_v1.5.1/pico-sdk/src/rp2_common/pico_cyw43_driver/cyw43_bus_pio_spi.c.obj
                0x10007808                write_reg_u32_swap
 .text.cyw43_write_reg_u32
                0x1000783c       0x58 CMakeFiles/hello_world.dir/C_/Program_Files/Raspberry_Pi/Pico_SDK_v1.5.1/pico-sdk/src/rp2_common/pico_cyw43_driver/cyw43_bus_pio_spi.c.obj
                0x1000783c                cyw43_write_reg_u32
 .text.cyw43_write_reg_u16
                0x10007894       0x58 CMakeFiles/hello_world.dir/C_/Program_Files/Raspberry_Pi/Pico_SDK_v1.5.1/pico-sdk/src/rp2_common/pico_cyw43_driver/cyw43_bus_pio_spi.c.obj
                0x10007894                cyw43_write_reg_u16
 .text.cyw43_write_reg_u8
                0x100078ec       0x58 CMakeFiles/hello_world.dir/C_/Program_Files/Raspberry_Pi/Pico_SDK_v1.5.1/pico-sdk/src/rp2_common/pico_cyw43_driver/cyw43_bus_pio_spi.c.obj
                0x100078ec                cyw43_write_reg_u8
 .text.cyw43_read_bytes
                0x10007944      0x104 CMakeFiles/hello_world.dir/C_/Program_Files/Raspberry_Pi/Pico_SDK_v1.5.1/pico-sdk/src/rp2_common/pico_cyw43_driver/cyw43_bus_pio_spi.c.obj
                0x10007944                cyw43_read_bytes
 .text.cyw43_write_bytes
                0x10007a48      0x128 CMakeFiles/hello_world.dir/C_/Program_Files/Raspberry_Pi/Pico_SDK_v1.5.1/pico-sdk/src/rp2_common/pico_cyw43_driver/cyw43_bus_pio_spi.c.obj
                0x10007a48                cyw43_write_bytes
 .text.get_core_address
                0x10007b70       0x1c CMakeFiles/hello_world.dir/C_/Program_Files/Raspberry_Pi/Pico_SDK_v1.5.1/pico-sdk/lib/cyw43-driver/src/cyw43_ll.c.obj
 .text.sdpcm_process_rx_packet
                0x10007b8c      0x180 CMakeFiles/hello_world.dir/C_/Program_Files/Raspberry_Pi/Pico_SDK_v1.5.1/pico-sdk/lib/cyw43-driver/src/cyw43_ll.c.obj
 .text.cyw43_ll_wifi_parse_scan_result
                0x10007d0c       0x9c CMakeFiles/hello_world.dir/C_/Program_Files/Raspberry_Pi/Pico_SDK_v1.5.1/pico-sdk/lib/cyw43-driver/src/cyw43_ll.c.obj
 .text.cyw43_ll_parse_async_event
                0x10007da8       0x8e CMakeFiles/hello_world.dir/C_/Program_Files/Raspberry_Pi/Pico_SDK_v1.5.1/pico-sdk/lib/cyw43-driver/src/cyw43_ll.c.obj
 *fill*         0x10007e36        0x2 
 .text.cyw43_kso_set
                0x10007e38       0x98 CMakeFiles/hello_world.dir/C_/Program_Files/Raspberry_Pi/Pico_SDK_v1.5.1/pico-sdk/lib/cyw43-driver/src/cyw43_ll.c.obj
 .text.cyw43_ll_bus_sleep_helper
                0x10007ed0        0xe CMakeFiles/hello_world.dir/C_/Program_Files/Raspberry_Pi/Pico_SDK_v1.5.1/pico-sdk/lib/cyw43-driver/src/cyw43_ll.c.obj
 *fill*         0x10007ede        0x2 
 .text.cyw43_read_reg
                0x10007ee0       0x48 CMakeFiles/hello_world.dir/C_/Program_Files/Raspberry_Pi/Pico_SDK_v1.5.1/pico-sdk/lib/cyw43-driver/src/cyw43_ll.c.obj
 .text.cyw43_write_reg
                0x10007f28       0x4c CMakeFiles/hello_world.dir/C_/Program_Files/Raspberry_Pi/Pico_SDK_v1.5.1/pico-sdk/lib/cyw43-driver/src/cyw43_ll.c.obj
 .text.cyw43_set_backplane_window
                0x10007f74       0x74 CMakeFiles/hello_world.dir/C_/Program_Files/Raspberry_Pi/Pico_SDK_v1.5.1/pico-sdk/lib/cyw43-driver/src/cyw43_ll.c.obj
 .text.cyw43_read_backplane
                0x10007fe8       0x30 CMakeFiles/hello_world.dir/C_/Program_Files/Raspberry_Pi/Pico_SDK_v1.5.1/pico-sdk/lib/cyw43-driver/src/cyw43_ll.c.obj
 .text.disable_device_core
                0x10008018       0x3c CMakeFiles/hello_world.dir/C_/Program_Files/Raspberry_Pi/Pico_SDK_v1.5.1/pico-sdk/lib/cyw43-driver/src/cyw43_ll.c.obj
 .text.device_core_is_up
                0x10008054       0x4c CMakeFiles/hello_world.dir/C_/Program_Files/Raspberry_Pi/Pico_SDK_v1.5.1/pico-sdk/lib/cyw43-driver/src/cyw43_ll.c.obj
 .text.cyw43_write_backplane
                0x100080a0       0x34 CMakeFiles/hello_world.dir/C_/Program_Files/Raspberry_Pi/Pico_SDK_v1.5.1/pico-sdk/lib/cyw43-driver/src/cyw43_ll.c.obj
 .text.reset_device_core
                0x100080d4       0x74 CMakeFiles/hello_world.dir/C_/Program_Files/Raspberry_Pi/Pico_SDK_v1.5.1/pico-sdk/lib/cyw43-driver/src/cyw43_ll.c.obj
 .text.cyw43_download_resource
                0x10008148      0x17c CMakeFiles/hello_world.dir/C_/Program_Files/Raspberry_Pi/Pico_SDK_v1.5.1/pico-sdk/lib/cyw43-driver/src/cyw43_ll.c.obj
 .text.cyw43_ll_init
                0x100082c4       0x20 CMakeFiles/hello_world.dir/C_/Program_Files/Raspberry_Pi/Pico_SDK_v1.5.1/pico-sdk/lib/cyw43-driver/src/cyw43_ll.c.obj
                0x100082c4                cyw43_ll_init
 .text.cyw43_ll_deinit
                0x100082e4        0x8 CMakeFiles/hello_world.dir/C_/Program_Files/Raspberry_Pi/Pico_SDK_v1.5.1/pico-sdk/lib/cyw43-driver/src/cyw43_ll.c.obj
                0x100082e4                cyw43_ll_deinit
 .text.cyw43_ll_bus_sleep
                0x100082ec       0x34 CMakeFiles/hello_world.dir/C_/Program_Files/Raspberry_Pi/Pico_SDK_v1.5.1/pico-sdk/lib/cyw43-driver/src/cyw43_ll.c.obj
                0x100082ec                cyw43_ll_bus_sleep
 .text.cyw43_ll_sdpcm_poll_device
                0x10008320      0x158 CMakeFiles/hello_world.dir/C_/Program_Files/Raspberry_Pi/Pico_SDK_v1.5.1/pico-sdk/lib/cyw43-driver/src/cyw43_ll.c.obj
 .text.cyw43_ll_process_packets
                0x10008478       0x5c CMakeFiles/hello_world.dir/C_/Program_Files/Raspberry_Pi/Pico_SDK_v1.5.1/pico-sdk/lib/cyw43-driver/src/cyw43_ll.c.obj
                0x10008478                cyw43_ll_process_packets
 .text.cyw43_sdpcm_send_common
                0x100084d4      0x104 CMakeFiles/hello_world.dir/C_/Program_Files/Raspberry_Pi/Pico_SDK_v1.5.1/pico-sdk/lib/cyw43-driver/src/cyw43_ll.c.obj
 .text.cyw43_send_ioctl
                0x100085d8       0x56 CMakeFiles/hello_world.dir/C_/Program_Files/Raspberry_Pi/Pico_SDK_v1.5.1/pico-sdk/lib/cyw43-driver/src/cyw43_ll.c.obj
 *fill*         0x1000862e        0x2 
 .text.cyw43_do_ioctl
                0x10008630       0xc0 CMakeFiles/hello_world.dir/C_/Program_Files/Raspberry_Pi/Pico_SDK_v1.5.1/pico-sdk/lib/cyw43-driver/src/cyw43_ll.c.obj
 .text.cyw43_ll_ioctl
                0x100086f0       0x1e CMakeFiles/hello_world.dir/C_/Program_Files/Raspberry_Pi/Pico_SDK_v1.5.1/pico-sdk/lib/cyw43-driver/src/cyw43_ll.c.obj
                0x100086f0                cyw43_ll_ioctl
 *fill*         0x1000870e        0x2 
 .text.cyw43_clm_load
                0x10008710       0xdc CMakeFiles/hello_world.dir/C_/Program_Files/Raspberry_Pi/Pico_SDK_v1.5.1/pico-sdk/lib/cyw43-driver/src/cyw43_ll.c.obj
 .text.cyw43_write_iovar_u32
                0x100087ec       0x60 CMakeFiles/hello_world.dir/C_/Program_Files/Raspberry_Pi/Pico_SDK_v1.5.1/pico-sdk/lib/cyw43-driver/src/cyw43_ll.c.obj
 .text.cyw43_write_iovar_n
                0x1000884c       0x50 CMakeFiles/hello_world.dir/C_/Program_Files/Raspberry_Pi/Pico_SDK_v1.5.1/pico-sdk/lib/cyw43-driver/src/cyw43_ll.c.obj
 .text.cyw43_set_ioctl_u32
                0x1000889c       0x30 CMakeFiles/hello_world.dir/C_/Program_Files/Raspberry_Pi/Pico_SDK_v1.5.1/pico-sdk/lib/cyw43-driver/src/cyw43_ll.c.obj
 .text.cyw43_write_iovar_u32_u32
                0x100088cc       0x74 CMakeFiles/hello_world.dir/C_/Program_Files/Raspberry_Pi/Pico_SDK_v1.5.1/pico-sdk/lib/cyw43-driver/src/cyw43_ll.c.obj
 .text.cyw43_ll_wifi_get_mac
                0x10008940       0x48 CMakeFiles/hello_world.dir/C_/Program_Files/Raspberry_Pi/Pico_SDK_v1.5.1/pico-sdk/lib/cyw43-driver/src/cyw43_ll.c.obj
                0x10008940                cyw43_ll_wifi_get_mac
 .text.cyw43_ll_bus_init
                0x10008988      0x360 CMakeFiles/hello_world.dir/C_/Program_Files/Raspberry_Pi/Pico_SDK_v1.5.1/pico-sdk/lib/cyw43-driver/src/cyw43_ll.c.obj
                0x10008988                cyw43_ll_bus_init
 .text.cyw43_ll_wifi_set_wpa_auth
                0x10008ce8        0xe CMakeFiles/hello_world.dir/C_/Program_Files/Raspberry_Pi/Pico_SDK_v1.5.1/pico-sdk/lib/cyw43-driver/src/cyw43_ll.c.obj
                0x10008ce8                cyw43_ll_wifi_set_wpa_auth
 *fill*         0x10008cf6        0x2 
 .text.cyw43_ll_wifi_rejoin
                0x10008cf8       0x20 CMakeFiles/hello_world.dir/C_/Program_Files/Raspberry_Pi/Pico_SDK_v1.5.1/pico-sdk/lib/cyw43-driver/src/cyw43_ll.c.obj
                0x10008cf8                cyw43_ll_wifi_rejoin
 .text.cyw43_ll_gpio_set
                0x10008d18       0x30 CMakeFiles/hello_world.dir/C_/Program_Files/Raspberry_Pi/Pico_SDK_v1.5.1/pico-sdk/lib/cyw43-driver/src/cyw43_ll.c.obj
                0x10008d18                cyw43_ll_gpio_set
 .text.cyw43_ll_has_work
                0x10008d48       0x12 CMakeFiles/hello_world.dir/C_/Program_Files/Raspberry_Pi/Pico_SDK_v1.5.1/pico-sdk/lib/cyw43-driver/src/cyw43_ll.c.obj
                0x10008d48                cyw43_ll_has_work
 *fill*         0x10008d5a        0x2 
 .text.cyw43_poll_func
                0x10008d5c       0xb0 CMakeFiles/hello_world.dir/C_/Program_Files/Raspberry_Pi/Pico_SDK_v1.5.1/pico-sdk/lib/cyw43-driver/src/cyw43_ctrl.c.obj
 .text.cyw43_dump_async_event
                0x10008e0c       0x8c CMakeFiles/hello_world.dir/C_/Program_Files/Raspberry_Pi/Pico_SDK_v1.5.1/pico-sdk/lib/cyw43-driver/src/cyw43_ctrl.c.obj
 .text.cyw43_ensure_up
                0x10008e98       0xec CMakeFiles/hello_world.dir/C_/Program_Files/Raspberry_Pi/Pico_SDK_v1.5.1/pico-sdk/lib/cyw43-driver/src/cyw43_ctrl.c.obj
 .text.cyw43_init
                0x10008f84       0x8c CMakeFiles/hello_world.dir/C_/Program_Files/Raspberry_Pi/Pico_SDK_v1.5.1/pico-sdk/lib/cyw43-driver/src/cyw43_ctrl.c.obj
                0x10008f84                cyw43_init
 .text.cyw43_deinit
                0x10009010       0x3c CMakeFiles/hello_world.dir/C_/Program_Files/Raspberry_Pi/Pico_SDK_v1.5.1/pico-sdk/lib/cyw43-driver/src/cyw43_ctrl.c.obj
                0x10009010                cyw43_deinit
 .text.cyw43_cb_read_host_interrupt_pin
                0x1000904c        0xe CMakeFiles/hello_world.dir/C_/Program_Files/Raspberry_Pi/Pico_SDK_v1.5.1/pico-sdk/lib/cyw43-driver/src/cyw43_ctrl.c.obj
                0x1000904c                cyw43_cb_read_host_interrupt_pin
 *fill*         0x1000905a        0x2 
 .text.cyw43_cb_ensure_awake
                0x1000905c        0xc CMakeFiles/hello_world.dir/C_/Program_Files/Raspberry_Pi/Pico_SDK_v1.5.1/pico-sdk/lib/cyw43-driver/src/cyw43_ctrl.c.obj
                0x1000905c                cyw43_cb_ensure_awake
 .text.cyw43_cb_process_async_event
                0x10009068      0x1b8 CMakeFiles/hello_world.dir/C_/Program_Files/Raspberry_Pi/Pico_SDK_v1.5.1/pico-sdk/lib/cyw43-driver/src/cyw43_ctrl.c.obj
                0x10009068                cyw43_cb_process_async_event
 .text.cyw43_gpio_set
                0x10009220       0x30 CMakeFiles/hello_world.dir/C_/Program_Files/Raspberry_Pi/Pico_SDK_v1.5.1/pico-sdk/lib/cyw43-driver/src/cyw43_ctrl.c.obj
                0x10009220                cyw43_gpio_set
 .text._pio_can_add_program_at_offset
                0x10009250       0x3c CMakeFiles/hello_world.dir/C_/Program_Files/Raspberry_Pi/Pico_SDK_v1.5.1/pico-sdk/src/rp2_common/hardware_pio/pio.c.obj
 .text._pio_find_offset_for_program
                0x1000928c       0x7c CMakeFiles/hello_world.dir/C_/Program_Files/Raspberry_Pi/Pico_SDK_v1.5.1/pico-sdk/src/rp2_common/hardware_pio/pio.c.obj
 .text._pio_add_program_at_offset
                0x10009308       0x78 CMakeFiles/hello_world.dir/C_/Program_Files/Raspberry_Pi/Pico_SDK_v1.5.1/pico-sdk/src/rp2_common/hardware_pio/pio.c.obj
 .text.pio_sm_unclaim
                0x10009380       0x20 CMakeFiles/hello_world.dir/C_/Program_Files/Raspberry_Pi/Pico_SDK_v1.5.1/pico-sdk/src/rp2_common/hardware_pio/pio.c.obj
                0x10009380                pio_sm_unclaim
 .text.pio_claim_unused_sm
                0x100093a0       0x3c CMakeFiles/hello_world.dir/C_/Program_Files/Raspberry_Pi/Pico_SDK_v1.5.1/pico-sdk/src/rp2_common/hardware_pio/pio.c.obj
                0x100093a0                pio_claim_unused_sm
 .text.pio_can_add_program
                0x100093dc       0x26 CMakeFiles/hello_world.dir/C_/Program_Files/Raspberry_Pi/Pico_SDK_v1.5.1/pico-sdk/src/rp2_common/hardware_pio/pio.c.obj
                0x100093dc                pio_can_add_program
 *fill*         0x10009402        0x2 
 .text.pio_add_program
                0x10009404       0x38 CMakeFiles/hello_world.dir/C_/Program_Files/Raspberry_Pi/Pico_SDK_v1.5.1/pico-sdk/src/rp2_common/hardware_pio/pio.c.obj
                0x10009404                pio_add_program
 .text.pio_remove_program
                0x1000943c       0x58 CMakeFiles/hello_world.dir/C_/Program_Files/Raspberry_Pi/Pico_SDK_v1.5.1/pico-sdk/src/rp2_common/hardware_pio/pio.c.obj
                0x1000943c                pio_remove_program
 .text.pio_sm_set_pindirs_with_mask
                0x10009494       0x9c CMakeFiles/hello_world.dir/C_/Program_Files/Raspberry_Pi/Pico_SDK_v1.5.1/pico-sdk/src/rp2_common/hardware_pio/pio.c.obj
                0x10009494                pio_sm_set_pindirs_with_mask
 .text.pio_sm_set_consecutive_pindirs
                0x10009530       0xa4 CMakeFiles/hello_world.dir/C_/Program_Files/Raspberry_Pi/Pico_SDK_v1.5.1/pico-sdk/src/rp2_common/hardware_pio/pio.c.obj
                0x10009530                pio_sm_set_consecutive_pindirs
 .text.dma_channel_unclaim
                0x100095d4       0x10 CMakeFiles/hello_world.dir/C_/Program_Files/Raspberry_Pi/Pico_SDK_v1.5.1/pico-sdk/src/rp2_common/hardware_dma/dma.c.obj
                0x100095d4                dma_channel_unclaim
 .text.dma_claim_unused_channel
                0x100095e4       0x20 CMakeFiles/hello_world.dir/C_/Program_Files/Raspberry_Pi/Pico_SDK_v1.5.1/pico-sdk/src/rp2_common/hardware_dma/dma.c.obj
                0x100095e4                dma_claim_unused_channel
 .text.dma_channel_cleanup
                0x10009604       0x5c CMakeFiles/hello_world.dir/C_/Program_Files/Raspberry_Pi/Pico_SDK_v1.5.1/pico-sdk/src/rp2_common/hardware_dma/dma.c.obj
                0x10009604                dma_channel_cleanup
 .text.cyw43_sleep_timeout_reached
                0x10009660       0x50 CMakeFiles/hello_world.dir/C_/Program_Files/Raspberry_Pi/Pico_SDK_v1.5.1/pico-sdk/src/rp2_common/pico_cyw43_driver/cyw43_driver.c.obj
 .text.cyw43_set_irq_enabled
                0x100096b0        0xe CMakeFiles/hello_world.dir/C_/Program_Files/Raspberry_Pi/Pico_SDK_v1.5.1/pico-sdk/src/rp2_common/pico_cyw43_driver/cyw43_driver.c.obj
 *fill*         0x100096be        0x2 
 .text.cyw43_irq_init
                0x100096c0       0x50 CMakeFiles/hello_world.dir/C_/Program_Files/Raspberry_Pi/Pico_SDK_v1.5.1/pico-sdk/src/rp2_common/pico_cyw43_driver/cyw43_driver.c.obj
                0x100096c0                cyw43_irq_init
 .text.cyw43_gpio_irq_handler
                0x10009710       0x40 CMakeFiles/hello_world.dir/C_/Program_Files/Raspberry_Pi/Pico_SDK_v1.5.1/pico-sdk/src/rp2_common/pico_cyw43_driver/cyw43_driver.c.obj
 .text.cyw43_irq_deinit
                0x10009750       0x48 CMakeFiles/hello_world.dir/C_/Program_Files/Raspberry_Pi/Pico_SDK_v1.5.1/pico-sdk/src/rp2_common/pico_cyw43_driver/cyw43_driver.c.obj
                0x10009750                cyw43_irq_deinit
 .text.no_lwip_fail
                0x10009798        0xc CMakeFiles/hello_world.dir/C_/Program_Files/Raspberry_Pi/Pico_SDK_v1.5.1/pico-sdk/src/rp2_common/pico_cyw43_driver/cyw43_driver.c.obj
 .text.cyw43_do_poll
                0x100097a4       0xc8 CMakeFiles/hello_world.dir/C_/Program_Files/Raspberry_Pi/Pico_SDK_v1.5.1/pico-sdk/src/rp2_common/pico_cyw43_driver/cyw43_driver.c.obj
 .text.cyw43_post_poll_hook
                0x1000986c       0x38 CMakeFiles/hello_world.dir/C_/Program_Files/Raspberry_Pi/Pico_SDK_v1.5.1/pico-sdk/src/rp2_common/pico_cyw43_driver/cyw43_driver.c.obj
                0x1000986c                cyw43_post_poll_hook
 .text.cyw43_schedule_internal_poll_dispatch
                0x100098a4       0x3c CMakeFiles/hello_world.dir/C_/Program_Files/Raspberry_Pi/Pico_SDK_v1.5.1/pico-sdk/src/rp2_common/pico_cyw43_driver/cyw43_driver.c.obj
                0x100098a4                cyw43_schedule_internal_poll_dispatch
 .text.cyw43_driver_init
                0x100098e0       0x38 CMakeFiles/hello_world.dir/C_/Program_Files/Raspberry_Pi/Pico_SDK_v1.5.1/pico-sdk/src/rp2_common/pico_cyw43_driver/cyw43_driver.c.obj
                0x100098e0                cyw43_driver_init
 .text.cyw43_driver_deinit
                0x10009918       0x64 CMakeFiles/hello_world.dir/C_/Program_Files/Raspberry_Pi/Pico_SDK_v1.5.1/pico-sdk/src/rp2_common/pico_cyw43_driver/cyw43_driver.c.obj
                0x10009918                cyw43_driver_deinit
 .text.storage_read_blocks
                0x1000997c        0x6 CMakeFiles/hello_world.dir/C_/Program_Files/Raspberry_Pi/Pico_SDK_v1.5.1/pico-sdk/src/rp2_common/pico_cyw43_driver/cyw43_driver.c.obj
                0x1000997c                storage_read_blocks
 *fill*         0x10009982        0x2 
 .text.cyw43_hal_generate_laa_mac
                0x10009984       0x34 CMakeFiles/hello_world.dir/C_/Program_Files/Raspberry_Pi/Pico_SDK_v1.5.1/pico-sdk/src/rp2_common/pico_cyw43_driver/cyw43_driver.c.obj
                0x10009984                cyw43_hal_generate_laa_mac
 .text.cyw43_thread_enter
                0x100099b8       0x14 CMakeFiles/hello_world.dir/C_/Program_Files/Raspberry_Pi/Pico_SDK_v1.5.1/pico-sdk/src/rp2_common/pico_cyw43_driver/cyw43_driver.c.obj
                0x100099b8                cyw43_thread_enter
 .text.cyw43_thread_exit
                0x100099cc       0x14 CMakeFiles/hello_world.dir/C_/Program_Files/Raspberry_Pi/Pico_SDK_v1.5.1/pico-sdk/src/rp2_common/pico_cyw43_driver/cyw43_driver.c.obj
                0x100099cc                cyw43_thread_exit
 .text.cyw43_thread_lock_check
                0x100099e0       0x14 CMakeFiles/hello_world.dir/C_/Program_Files/Raspberry_Pi/Pico_SDK_v1.5.1/pico-sdk/src/rp2_common/pico_cyw43_driver/cyw43_driver.c.obj
                0x100099e0                cyw43_thread_lock_check
 .text.cyw43_await_background_or_timeout_us
                0x100099f4       0x60 CMakeFiles/hello_world.dir/C_/Program_Files/Raspberry_Pi/Pico_SDK_v1.5.1/pico-sdk/src/rp2_common/pico_cyw43_driver/cyw43_driver.c.obj
                0x100099f4                cyw43_await_background_or_timeout_us
 .text.cyw43_delay_ms
                0x10009a54       0x70 CMakeFiles/hello_world.dir/C_/Program_Files/Raspberry_Pi/Pico_SDK_v1.5.1/pico-sdk/src/rp2_common/pico_cyw43_driver/cyw43_driver.c.obj
                0x10009a54                cyw43_delay_ms
 .text.cyw43_cb_tcpip_deinit
                0x10009ac4        0x2 CMakeFiles/hello_world.dir/C_/Program_Files/Raspberry_Pi/Pico_SDK_v1.5.1/pico-sdk/src/rp2_common/pico_cyw43_driver/cyw43_driver.c.obj
                0x10009ac4                cyw43_cb_tcpip_deinit
 .text.cyw43_cb_tcpip_set_link_up
                0x10009ac6        0x6 CMakeFiles/hello_world.dir/C_/Program_Files/Raspberry_Pi/Pico_SDK_v1.5.1/pico-sdk/src/rp2_common/pico_cyw43_driver/cyw43_driver.c.obj
                0x10009ac6                cyw43_cb_tcpip_set_link_up
 .text.cyw43_cb_tcpip_set_link_down
                0x10009acc        0x6 CMakeFiles/hello_world.dir/C_/Program_Files/Raspberry_Pi/Pico_SDK_v1.5.1/pico-sdk/src/rp2_common/pico_cyw43_driver/cyw43_driver.c.obj
                0x10009acc                cyw43_cb_tcpip_set_link_down
 .text.cyw43_cb_process_ethernet
                0x10009ad2        0x6 CMakeFiles/hello_world.dir/C_/Program_Files/Raspberry_Pi/Pico_SDK_v1.5.1/pico-sdk/src/rp2_common/pico_cyw43_driver/cyw43_driver.c.obj
                0x10009ad2                cyw43_cb_process_ethernet
 .text.async_context_threadsafe_background_acquire_lock_blocking
                0x10009ad8        0xa CMakeFiles/hello_world.dir/C_/Program_Files/Raspberry_Pi/Pico_SDK_v1.5.1/pico-sdk/src/rp2_common/pico_async_context/async_context_threadsafe_background.c.obj
 .text.async_context_threadsafe_background_wake_up
                0x10009ae2       0x16 CMakeFiles/hello_world.dir/C_/Program_Files/Raspberry_Pi/Pico_SDK_v1.5.1/pico-sdk/src/rp2_common/pico_async_context/async_context_threadsafe_background.c.obj
 .text.alarm_handler
                0x10009af8       0x14 CMakeFiles/hello_world.dir/C_/Program_Files/Raspberry_Pi/Pico_SDK_v1.5.1/pico-sdk/src/rp2_common/pico_async_context/async_context_threadsafe_background.c.obj
 .text.async_context_threadsafe_background_set_work_pending
                0x10009b0c        0xc CMakeFiles/hello_world.dir/C_/Program_Files/Raspberry_Pi/Pico_SDK_v1.5.1/pico-sdk/src/rp2_common/pico_async_context/async_context_threadsafe_background.c.obj
 .text.async_context_threadsafe_background_lock_check
                0x10009b18       0x2c CMakeFiles/hello_world.dir/C_/Program_Files/Raspberry_Pi/Pico_SDK_v1.5.1/pico-sdk/src/rp2_common/pico_async_context/async_context_threadsafe_background.c.obj
 .text.process_under_lock
                0x10009b44       0xfc CMakeFiles/hello_world.dir/C_/Program_Files/Raspberry_Pi/Pico_SDK_v1.5.1/pico-sdk/src/rp2_common/pico_async_context/async_context_threadsafe_background.c.obj
 .text.lock_release